Archive member included to satisfy reference by file (symbol)

/usr/bin/../lib/gcc/arm-none-eabi/7.2.1/../../../../arm-none-eabi/lib/thumb/v7-m/libc_nano.a(lib_a-memcmp.o)
                              obj/hostprotocol.o (memcmp)
/usr/bin/../lib/gcc/arm-none-eabi/7.2.1/../../../../arm-none-eabi/lib/thumb/v7-m/libc_nano.a(lib_a-memcpy-stub.o)
                              obj/mavlink.o (memcpy)
/usr/bin/../lib/gcc/arm-none-eabi/7.2.1/../../../../arm-none-eabi/lib/thumb/v7-m/libc_nano.a(lib_a-memset.o)
                              obj/cameracontrol.o (memset)
/usr/bin/../lib/gcc/arm-none-eabi/7.2.1/../../../../arm-none-eabi/lib/thumb/v7-m/libc_nano.a(lib_a-nano-vfprintf_float.o)
                              (_printf_float)
/usr/bin/../lib/gcc/arm-none-eabi/7.2.1/../../../../arm-none-eabi/lib/thumb/v7-m/libc_nano.a(lib_a-nano-vfprintf_i.o)
                              /usr/bin/../lib/gcc/arm-none-eabi/7.2.1/../../../../arm-none-eabi/lib/thumb/v7-m/libc_nano.a(lib_a-nano-vfprintf_float.o) (_printf_common)
/usr/bin/../lib/gcc/arm-none-eabi/7.2.1/../../../../arm-none-eabi/lib/thumb/v7-m/libc_nano.a(lib_a-sprintf.o)
                              obj/ui_gimbal.o (sprintf)
/usr/bin/../lib/gcc/arm-none-eabi/7.2.1/../../../../arm-none-eabi/lib/thumb/v7-m/libc_nano.a(lib_a-strcpy.o)
                              obj/ui_topbar.o (strcpy)
/usr/bin/../lib/gcc/arm-none-eabi/7.2.1/../../../../arm-none-eabi/lib/thumb/v7-m/libc_nano.a(lib_a-strlen.o)
                              obj/flightmanager.o (strlen)
/usr/bin/../lib/gcc/arm-none-eabi/7.2.1/../../../../arm-none-eabi/lib/thumb/v7-m/libc_nano.a(lib_a-strncmp.o)
                              obj/flightmanager.o (strncmp)
/usr/bin/../lib/gcc/arm-none-eabi/7.2.1/../../../../arm-none-eabi/lib/thumb/v7-m/libc_nano.a(lib_a-strncpy.o)
                              obj/ui_topbar.o (strncpy)
/usr/bin/../lib/gcc/arm-none-eabi/7.2.1/../../../../arm-none-eabi/lib/thumb/v7-m/libc_nano.a(lib_a-dtoa.o)
                              /usr/bin/../lib/gcc/arm-none-eabi/7.2.1/../../../../arm-none-eabi/lib/thumb/v7-m/libc_nano.a(lib_a-nano-vfprintf_float.o) (_dtoa_r)
/usr/bin/../lib/gcc/arm-none-eabi/7.2.1/../../../../arm-none-eabi/lib/thumb/v7-m/libc_nano.a(lib_a-impure.o)
                              /usr/bin/../lib/gcc/arm-none-eabi/7.2.1/../../../../arm-none-eabi/lib/thumb/v7-m/libc_nano.a(lib_a-sprintf.o) (_impure_ptr)
/usr/bin/../lib/gcc/arm-none-eabi/7.2.1/../../../../arm-none-eabi/lib/thumb/v7-m/libc_nano.a(lib_a-localeconv.o)
                              /usr/bin/../lib/gcc/arm-none-eabi/7.2.1/../../../../arm-none-eabi/lib/thumb/v7-m/libc_nano.a(lib_a-nano-vfprintf_float.o) (_localeconv_r)
/usr/bin/../lib/gcc/arm-none-eabi/7.2.1/../../../../arm-none-eabi/lib/thumb/v7-m/libc_nano.a(lib_a-malloc.o)
                              /usr/bin/../lib/gcc/arm-none-eabi/7.2.1/../../../../arm-none-eabi/lib/thumb/v7-m/libc_nano.a(lib_a-dtoa.o) (malloc)
/usr/bin/../lib/gcc/arm-none-eabi/7.2.1/../../../../arm-none-eabi/lib/thumb/v7-m/libc_nano.a(lib_a-memchr-stub.o)
                              /usr/bin/../lib/gcc/arm-none-eabi/7.2.1/../../../../arm-none-eabi/lib/thumb/v7-m/libc_nano.a(lib_a-nano-vfprintf_i.o) (memchr)
/usr/bin/../lib/gcc/arm-none-eabi/7.2.1/../../../../arm-none-eabi/lib/thumb/v7-m/libc_nano.a(lib_a-mprec.o)
                              /usr/bin/../lib/gcc/arm-none-eabi/7.2.1/../../../../arm-none-eabi/lib/thumb/v7-m/libc_nano.a(lib_a-dtoa.o) (_Balloc)
/usr/bin/../lib/gcc/arm-none-eabi/7.2.1/../../../../arm-none-eabi/lib/thumb/v7-m/libc_nano.a(lib_a-nano-callocr.o)
                              /usr/bin/../lib/gcc/arm-none-eabi/7.2.1/../../../../arm-none-eabi/lib/thumb/v7-m/libc_nano.a(lib_a-mprec.o) (_calloc_r)
/usr/bin/../lib/gcc/arm-none-eabi/7.2.1/../../../../arm-none-eabi/lib/thumb/v7-m/libc_nano.a(lib_a-nano-freer.o)
                              /usr/bin/../lib/gcc/arm-none-eabi/7.2.1/../../../../arm-none-eabi/lib/thumb/v7-m/libc_nano.a(lib_a-malloc.o) (_free_r)
/usr/bin/../lib/gcc/arm-none-eabi/7.2.1/../../../../arm-none-eabi/lib/thumb/v7-m/libc_nano.a(lib_a-nano-mallocr.o)
                              /usr/bin/../lib/gcc/arm-none-eabi/7.2.1/../../../../arm-none-eabi/lib/thumb/v7-m/libc_nano.a(lib_a-malloc.o) (_malloc_r)
/usr/bin/../lib/gcc/arm-none-eabi/7.2.1/../../../../arm-none-eabi/lib/thumb/v7-m/libc_nano.a(lib_a-nano-svfprintf.o)
                              /usr/bin/../lib/gcc/arm-none-eabi/7.2.1/../../../../arm-none-eabi/lib/thumb/v7-m/libc_nano.a(lib_a-sprintf.o) (_svfprintf_r)
/usr/bin/../lib/gcc/arm-none-eabi/7.2.1/../../../../arm-none-eabi/lib/thumb/v7-m/libc_nano.a(lib_a-sbrkr.o)
                              /usr/bin/../lib/gcc/arm-none-eabi/7.2.1/../../../../arm-none-eabi/lib/thumb/v7-m/libc_nano.a(lib_a-nano-mallocr.o) (_sbrk_r)
/usr/bin/../lib/gcc/arm-none-eabi/7.2.1/../../../../arm-none-eabi/lib/thumb/v7-m/libc_nano.a(lib_a-locale.o)
[...]
Memory Configuration

Name             Origin             Length             Attributes
RAM              0x0000000020000000 0x000000000000c000 xrw
FLASH            0x0000000008000000 0x000000000003f800 xr
*default*        0x0000000000000000 0xffffffffffffffff

Linker script and memory map

LOAD obj/adc.o
LOAD obj/battery.o
LOAD obj/bkp.o
LOAD obj/button.o
LOAD obj/buttonfunction.o
LOAD obj/buttonmanager.o
LOAD obj/buzzer.o
LOAD obj/cameracontrol.o
LOAD obj/dma.o
LOAD obj/dsm.o
LOAD obj/exti.o
LOAD obj/factorytest.o
LOAD obj/flightmanager.o
LOAD obj/fsmc.o
LOAD obj/geo.o
LOAD obj/gfx.o
LOAD obj/gpio.o
LOAD obj/haptic.o
LOAD obj/home.o
LOAD obj/hostprotocol.o
LOAD obj/hwtimer.o
LOAD obj/idletimeout.o
LOAD obj/ili9341parallel.o
LOAD obj/inputs.o
LOAD obj/lockout.o
LOAD obj/main.o
LOAD obj/manualoverride.o
LOAD obj/mathx.o
LOAD obj/mavlink.o
LOAD obj/mcuflash.o
LOAD obj/movingavgfilter.o
LOAD obj/params.o
LOAD obj/powermanager.o
LOAD obj/pwr.o
LOAD obj/rcc.o
LOAD obj/resources-gen.o
LOAD obj/selftest.o
LOAD obj/setup.o
LOAD obj/sologimbal.o
LOAD obj/spi.o
LOAD obj/stickaxis.o
LOAD obj/sys.o
LOAD obj/systime.o
LOAD obj/tasks.o
LOAD obj/telemetry.o
LOAD obj/tween.o
LOAD obj/ui.o
LOAD obj/ui_alert.o
LOAD obj/ui_arming.o
LOAD obj/ui_bottombox.o
LOAD obj/ui_color.o
LOAD obj/ui_events.o
LOAD obj/ui_fullscreenmodal.o
LOAD obj/ui_gimbal.o
LOAD obj/ui_holdprogressbar.o
LOAD obj/ui_pairing.o
LOAD obj/ui_power.o
LOAD obj/ui_splash.o
LOAD obj/ui_telemetry.o
LOAD obj/ui_topbar.o
LOAD obj/ui_updater.o
LOAD obj/usart.o
LOAD obj/vectors.o
LOAD obj/vehicleconnector.o
START GROUP
LOAD /usr/bin/../lib/gcc/arm-none-eabi/7.2.1/../../../../arm-none-eabi/lib/thumb/v7-m/libc_nano.a
LOAD /usr/bin/../lib/gcc/arm-none-eabi/7.2.1/../../../../arm-none-eabi/lib/thumb/v7-m/libm.a
LOAD /usr/bin/../lib/gcc/arm-none-eabi/7.2.1/thumb/v7-m/libgcc.a
LOAD /usr/bin/../lib/gcc/arm-none-eabi/7.2.1/../../../../arm-none-eabi/lib/thumb/v7-m/libnosys.a
END GROUP
LOAD obj/version.o
START GROUP
LOAD /usr/bin/../lib/gcc/arm-none-eabi/7.2.1/thumb/v7-m/libgcc.a
LOAD /usr/bin/../lib/gcc/arm-none-eabi/7.2.1/../../../../arm-none-eabi/lib/thumb/v7-m/libc_nano.a
END GROUP
START GROUP
LOAD /usr/bin/../lib/gcc/arm-none-eabi/7.2.1/thumb/v7-m/libgcc.a
LOAD /usr/bin/../lib/gcc/arm-none-eabi/7.2.1/../../../../arm-none-eabi/lib/thumb/v7-m/libc_nano.a
END GROUP
                0x000000002000c000                _stack = (ORIGIN (RAM) + LENGTH (RAM))

.vectors        0x0000000008000000      0x130
 *(.vectors)
 .vectors       0x0000000008000000      0x130 obj/vectors.o
                0x0000000008000000                IVT

.text           0x0000000008000130    0x10f6c
                0x0000000008000130                . = ALIGN (0x4)
 *(.text .text.*)
 .text._ZN3Adc11dmaCallbackEPvh
                0x0000000008000130       0x18 obj/adc.o
                0x0000000008000130                Adc::dmaCallback(void*, unsigned char)
 .text._ZN3Adc4initEbNS_13TriggerSourceE
                0x0000000008000148       0xf4 obj/adc.o
                0x0000000008000148                Adc::init(bool, Adc::TriggerSource)
 .text._ZN3Adc13setSampleRateEhNS_10SampleRateE
                0x000000000800023c       0x28 obj/adc.o
                0x000000000800023c                Adc::setSampleRate(unsigned char, Adc::SampleRate)
 .text._ZN3Adc18setRegularSequenceEhPKh
                0x0000000008000264       0x70 obj/adc.o
                0x0000000008000264                Adc::setRegularSequence(unsigned char, unsigned char const*)
 .text._ZN3Adc13beginSequenceEjPt
                0x00000000080002d4       0x20 obj/adc.o
                0x00000000080002d4                Adc::beginSequence(unsigned int, unsigned short*)
 .text._ZN7BatteryC2Ev
                0x00000000080002f4       0x26 obj/battery.o
                0x00000000080002f4                Battery::Battery()
                0x00000000080002f4                Battery::Battery()
 *fill*         0x000000000800031a        0x2 
 .text._ZN7Battery4initEv
                0x000000000800031c       0xc4 obj/battery.o
                0x000000000800031c                Battery::init()
 .text._ZN7Battery12prepToSampleEv
                0x00000000080003e0       0x4c obj/battery.o
                0x00000000080003e0                Battery::prepToSample()
 .text._ZN7Battery14onLevelChangedEj
                0x000000000800042c      0x16c obj/battery.o
                0x000000000800042c                Battery::onLevelChanged(unsigned int)
 .text._ZN7Battery15updateBattLevelEj
                0x0000000008000598       0x42 obj/battery.o
                0x0000000008000598                Battery::updateBattLevel(unsigned int)
 *fill*         0x00000000080005da        0x2 
 .text._ZN7Battery11doBalancingEtt
                0x00000000080005dc       0x64 obj/battery.o
                0x00000000080005dc                Battery::doBalancing(unsigned short, unsigned short)
 .text._ZN7Battery10checkThermEv
                0x0000000008000640       0x58 obj/battery.o
                0x0000000008000640                Battery::checkTherm()
 .text._ZN7Battery6packIDEt
                0x0000000008000698       0x2a obj/battery.o
                0x0000000008000698                Battery::packID(unsigned short)
 *fill*         0x00000000080006c2        0x2 
 .text._ZNK7Battery11lookupLevelEv
                0x00000000080006c4       0x7c obj/battery.o
                0x00000000080006c4                Battery::lookupLevel() const
 .text._ZN7Battery13onCellSamplesEtttt
                0x0000000008000740      0x1e4 obj/battery.o
                0x0000000008000740                Battery::onCellSamples(unsigned short, unsigned short, unsigned short, unsigned short)
 .text.startup._GLOBAL__sub_I__ZN7Battery8instanceE
                0x0000000008000924        0xc obj/battery.o
 .text._ZN3Bkp4initEv
                0x0000000008000930       0x20 obj/bkp.o
                0x0000000008000930                Bkp::init()
 .text._ZN3Bkp5resetEv
                0x0000000008000950       0x18 obj/bkp.o
                0x0000000008000950                Bkp::reset()
 .text._ZN6ButtonC2E7GPIOPinS0_S0_N2Io8ButtonIDENS_8PolarityE
                0x0000000008000968       0x26 obj/button.o
                0x0000000008000968                Button::Button(GPIOPin, GPIOPin, GPIOPin, Io::ButtonID, Button::Polarity)
                0x0000000008000968                Button::Button(GPIOPin, GPIOPin, GPIOPin, Io::ButtonID, Button::Polarity)
 *fill*         0x000000000800098e        0x2 
 .text._ZN6Button4initEb
                0x0000000008000990       0xa4 obj/button.o
                0x0000000008000990                Button::init(bool)
 *fill*         0x0000000008000a34        0x4 
 .text._ZN6Button3isrEv
                0x0000000008000a38      0x12c obj/button.o
                0x0000000008000a38                Button::isr()
 .text._ZNK6Button13pressDurationEv
                0x0000000008000b64       0x4c obj/button.o
                0x0000000008000b64                Button::pressDuration() const
 .text._ZN6Button11pollForHoldEv
                0x0000000008000bb0       0x98 obj/button.o
                0x0000000008000bb0                Button::pollForHold()
 .text._ZN14ButtonFunction3getEN2Io8ButtonIDE
                0x0000000008000c48       0x10 obj/buttonfunction.o
                0x0000000008000c48                ButtonFunction::get(Io::ButtonID)
 .text._ZN14ButtonFunction13onButtonEventEP6ButtonNS0_5EventE
                0x0000000008000c58       0x38 obj/buttonfunction.o
                0x0000000008000c58                ButtonFunction::onButtonEvent(Button*, Button::Event)
 .text._ZN14ButtonFunction16onButtonExtEventEP6ButtonNS0_5EventE
                0x0000000008000c90        0xe obj/buttonfunction.o
                0x0000000008000c90                ButtonFunction::onButtonExtEvent(Button*, Button::Event)
 .text._ZN6Button12setLedActiveEv
                0x0000000008000c9e       0x22 obj/buttonmanager.o
                0x0000000008000c9e                Button::setLedActive()
 .text._ZN6Button14setLedInactiveEv
                0x0000000008000cc0       0x22 obj/buttonmanager.o
                0x0000000008000cc0                Button::setLedInactive()
 *fill*         0x0000000008000ce2        0x2 
 .text._ZN13ButtonManager17setButtonFunctionEN2Io8ButtonIDEPKN14ButtonFunction6ConfigE
                0x0000000008000ce4       0x50 obj/buttonmanager.o
                0x0000000008000ce4                ButtonManager::setButtonFunction(Io::ButtonID, ButtonFunction::Config const*)
 .text._ZN13ButtonManager12setBacklightEj
                0x0000000008000d34       0x34 obj/buttonmanager.o
                0x0000000008000d34                ButtonManager::setBacklight(unsigned int)
 .text._ZN13ButtonManager4initEv
                0x0000000008000d68      0x10c obj/buttonmanager.o
                0x0000000008000d68                ButtonManager::init()
 .text._ZN13ButtonManager3isrEN2Io8ButtonIDE
                0x0000000008000e74       0x7c obj/buttonmanager.o
                0x0000000008000e74                ButtonManager::isr(Io::ButtonID)
 .text._ZN13ButtonManager4taskEv
                0x0000000008000ef0       0x58 obj/buttonmanager.o
                0x0000000008000ef0                ButtonManager::task()
 .text._ZN13ButtonManager11dispatchEvtEP6ButtonNS0_5EventE
                0x0000000008000f48      0x18c obj/buttonmanager.o
                0x0000000008000f48                ButtonManager::dispatchEvt(Button*, Button::Event)
 .text._ZN13ButtonManager19onFlightModeChangedEN13FlightManager10FlightModeE
                0x00000000080010d4       0x30 obj/buttonmanager.o
                0x00000000080010d4                ButtonManager::onFlightModeChanged(FlightManager::FlightMode)
 .text._ZN13ButtonManager13producePacketER12PacketBufferILj263EE
                0x0000000008001104       0x54 obj/buttonmanager.o
                0x0000000008001104                ButtonManager::producePacket(PacketBuffer<263u>&)
 .text._ZN13ButtonManager8shutdownEv
                0x0000000008001158       0xb8 obj/buttonmanager.o
                0x0000000008001158                ButtonManager::shutdown()
 .text.startup._GLOBAL__sub_I__ZN13ButtonManager15buttonPressMaskE
                0x0000000008001210      0x110 obj/buttonmanager.o
 .text._ZN6Buzzer4initEj
                0x0000000008001320       0x60 obj/buzzer.o
                0x0000000008001320                Buzzer::init(unsigned int)
 .text._ZN6Buzzer12setFrequencyEj
                0x0000000008001380       0x1c obj/buzzer.o
                0x0000000008001380                Buzzer::setFrequency(unsigned int)
 .text._ZN6Buzzer4playEv
                0x000000000800139c       0x1c obj/buzzer.o
                0x000000000800139c                Buzzer::play()
 .text._ZN6Buzzer4stopEv
                0x00000000080013b8       0x14 obj/buzzer.o
                0x00000000080013b8                Buzzer::stop()
 .text._ZN13CameraControl13capturePresetENS_8PresetIDE
                0x00000000080013cc       0x58 obj/cameracontrol.o
                0x00000000080013cc                CameraControl::capturePreset(CameraControl::PresetID)
 .text._ZNK13CameraControl11sweepMillisEff
                0x0000000008001424       0x60 obj/cameracontrol.o
                0x0000000008001424                CameraControl::sweepMillis(float, float) const
 .text._ZNK13CameraControl17presetSweepMillisEv
                0x0000000008001484       0x28 obj/cameracontrol.o
                0x0000000008001484                CameraControl::presetSweepMillis() const
 .text._ZN13CameraControl4taskEv
                0x00000000080014ac       0x50 obj/cameracontrol.o
                0x00000000080014ac                CameraControl::task()
 .text._ZN13CameraControl14setSweepConfigERKN6Params11SweepConfigE
                0x00000000080014fc       0x12 obj/cameracontrol.o
                0x00000000080014fc                CameraControl::setSweepConfig(Params::SweepConfig const&)
 *fill*         0x000000000800150e        0x2 
 .text._ZN13CameraControl4initEv
                0x0000000008001510       0x80 obj/cameracontrol.o
                0x0000000008001510                CameraControl::init()
 .text._ZN13CameraControl17beginEaseToTargetEfjNS_14PosTweenSourceE
                0x0000000008001590       0x48 obj/cameracontrol.o
                0x0000000008001590                CameraControl::beginEaseToTarget(float, unsigned int, CameraControl::PosTweenSource)
 .text._ZN13CameraControl20onGimbalAngleChangedEv
                0x00000000080015d8       0x84 obj/cameracontrol.o
                0x00000000080015d8                CameraControl::onGimbalAngleChanged()
 .text._ZN13CameraControl11beginPresetENS_8PresetIDE
                0x000000000800165c       0x7c obj/cameracontrol.o
                0x000000000800165c                CameraControl::beginPreset(CameraControl::PresetID)
 .text._ZN13CameraControl11onButtonEvtEP6ButtonNS0_5EventE
                0x00000000080016d8       0x20 obj/cameracontrol.o
                0x00000000080016d8                CameraControl::onButtonEvt(Button*, Button::Event)
 .text._ZNK13CameraControl7maxRateEf
                0x00000000080016f8       0x68 obj/cameracontrol.o
                0x00000000080016f8                CameraControl::maxRate(float) const
 .text._ZNK13CameraControl16updateCameraRateEf
                0x0000000008001760       0x6c obj/cameracontrol.o
                0x0000000008001760                CameraControl::updateCameraRate(float) const
 *fill*         0x00000000080017cc        0x4 
 .text._ZN13CameraControl11fiftyHzLoopEv
                0x00000000080017d0      0x1bc obj/cameracontrol.o
                0x00000000080017d0                CameraControl::fiftyHzLoop()
 .text.startup._GLOBAL__sub_I__ZN13CameraControl8instanceE
                0x000000000800198c       0x44 obj/cameracontrol.o
 .text._ZN3Dma11initChannelEPV5DMA_tiPFvPvhES3_
                0x00000000080019d0       0xb0 obj/dma.o
                0x00000000080019d0                Dma::initChannel(DMA_t volatile*, int, void (*)(void*, unsigned char), void*)
 .text._ZN3Dma8serveIsrEPV5DMA_tiRNS_12DmaHandler_tE
                0x0000000008001a80       0x20 obj/dma.o
                0x0000000008001a80                Dma::serveIsr(DMA_t volatile*, int, Dma::DmaHandler_t&)
 .text.ISR_DMA1_Channel1
                0x0000000008001aa0       0x14 obj/dma.o
                0x0000000008001aa0                ISR_DMA1_Channel1
 .text.ISR_DMA1_Channel2
                0x0000000008001ab4       0x14 obj/dma.o
                0x0000000008001ab4                ISR_DMA1_Channel2
 .text.ISR_DMA1_Channel3
                0x0000000008001ac8       0x14 obj/dma.o
                0x0000000008001ac8                ISR_DMA1_Channel3
 .text.ISR_DMA1_Channel4
                0x0000000008001adc       0x14 obj/dma.o
                0x0000000008001adc                ISR_DMA1_Channel4
 .text.ISR_DMA1_Channel5
                0x0000000008001af0       0x14 obj/dma.o
                0x0000000008001af0                ISR_DMA1_Channel5
 .text.ISR_DMA1_Channel6
                0x0000000008001b04       0x14 obj/dma.o
                0x0000000008001b04                ISR_DMA1_Channel6
 .text.ISR_DMA1_Channel7
                0x0000000008001b18       0x14 obj/dma.o
                0x0000000008001b18                ISR_DMA1_Channel7
 .text.ISR_DMA2_Channel1
                0x0000000008001b2c       0x14 obj/dma.o
                0x0000000008001b2c                ISR_DMA2_Channel1
 .text.ISR_DMA2_Channel2
                0x0000000008001b40       0x14 obj/dma.o
                0x0000000008001b40                ISR_DMA2_Channel2
 .text.ISR_DMA2_Channel3
                0x0000000008001b54       0x14 obj/dma.o
                0x0000000008001b54                ISR_DMA2_Channel3
 .text.ISR_DMA2_Channel4_5
                0x0000000008001b68       0x14 obj/dma.o
                0x0000000008001b68                ISR_DMA2_Channel4_5
 .text._ZN3Dsm4initEv
                0x0000000008001b7c       0x16 obj/dsm.o
                0x0000000008001b7c                Dsm::init()
 *fill*         0x0000000008001b92        0x2 
 .text._ZN3Dsm17onLoiterButtonEvtEP6ButtonNS0_5EventE
                0x0000000008001b94       0x8c obj/dsm.o
                0x0000000008001b94                Dsm::onLoiterButtonEvt(Button*, Button::Event)
 .text._ZN3Dsm13producePacketER12PacketBufferILj263EE
                0x0000000008001c20      0x110 obj/dsm.o
                0x0000000008001c20                Dsm::producePacket(PacketBuffer<263u>&)
 .text.ISR_EXTI0
                0x0000000008001d30        0x6 obj/exti.o
                0x0000000008001d30                ISR_EXTI0
 .text.ISR_EXTI1
                0x0000000008001d36        0x6 obj/exti.o
                0x0000000008001d36                ISR_EXTI1
 .text.ISR_EXTI2
                0x0000000008001d3c        0x6 obj/exti.o
                0x0000000008001d3c                ISR_EXTI2
 .text.ISR_EXTI3
                0x0000000008001d42        0x6 obj/exti.o
                0x0000000008001d42                ISR_EXTI3
 .text.ISR_EXTI4
                0x0000000008001d48        0x6 obj/exti.o
                0x0000000008001d48                ISR_EXTI4
 .text.ISR_EXTI9_5
                0x0000000008001d4e       0x1c obj/exti.o
                0x0000000008001d4e                ISR_EXTI9_5
 .text.ISR_EXTI15_10
                0x0000000008001d6a        0x6 obj/exti.o
                0x0000000008001d6a                ISR_EXTI15_10
 .text._ZN11FactoryTest12onOutputTestEPKhj
                0x0000000008001d70       0x98 obj/factorytest.o
                0x0000000008001d70                FactoryTest::onOutputTest(unsigned char const*, unsigned int)
 .text._ZN11FactoryTest10onGpioTestEPKhj
                0x0000000008001e08       0x44 obj/factorytest.o
                0x0000000008001e08                FactoryTest::onGpioTest(unsigned char const*, unsigned int)
 .text.crc_accumulate
                0x0000000008001e4c       0x1c obj/flightmanager.o
 .text.mavlink_finalize_message_chan.constprop.30
                0x0000000008001e68       0x88 obj/flightmanager.o
 .text.mavlink_msg_command_long_pack.constprop.26
                0x0000000008001ef0       0x5e obj/flightmanager.o
 .text._ZNK6Button6isHeldEv
                0x0000000008001f4e       0x36 obj/flightmanager.o
                0x0000000008001f4e                Button::isHeld() const
 .text._ZN13FlightManager22flightModeIsAutonomousENS_10FlightModeE
                0x0000000008001f84       0x20 obj/flightmanager.o
                0x0000000008001f84                FlightManager::flightModeIsAutonomous(FlightManager::FlightMode)
 .text._ZNK13FlightManager8inFlightEv
                0x0000000008001fa4       0x18 obj/flightmanager.o
                0x0000000008001fa4                FlightManager::inFlight() const
 .text._ZN13FlightManagerC2Ev
                0x0000000008001fbc       0x5a obj/flightmanager.o
                0x0000000008001fbc                FlightManager::FlightManager()
                0x0000000008001fbc                FlightManager::FlightManager()
 .text._ZN13FlightManager4initEv
                0x0000000008002016       0x28 obj/flightmanager.o
                0x0000000008002016                FlightManager::init()
 *fill*         0x000000000800203e        0x2 
 .text._ZN13FlightManager13linkConnectedEv
                0x0000000008002040       0x4c obj/flightmanager.o
                0x0000000008002040                FlightManager::linkConnected()
 .text._ZN13FlightManager16linkDisconnectedEv
                0x000000000800208c      0x114 obj/flightmanager.o
                0x000000000800208c                FlightManager::linkDisconnected()
 .text._ZN13FlightManager12sysHeartbeatEv
                0x00000000080021a0       0x14 obj/flightmanager.o
                0x00000000080021a0                FlightManager::sysHeartbeat()
 .text._ZN13FlightManager18resetLinkConnCountEPK17__mavlink_message
                0x00000000080021b4       0x1e obj/flightmanager.o
                0x00000000080021b4                FlightManager::resetLinkConnCount(__mavlink_message const*)
 *fill*         0x00000000080021d2        0x2 
 .text._ZN13FlightManager21updateRCFailsafeStateEh
                0x00000000080021d4       0x68 obj/flightmanager.o
                0x00000000080021d4                FlightManager::updateRCFailsafeState(unsigned char)
 .text._ZN13FlightManager23requestFlightModeChangeENS_10FlightModeE
                0x000000000800223c       0x20 obj/flightmanager.o
                0x000000000800223c                FlightManager::requestFlightModeChange(FlightManager::FlightMode)
 .text._ZN13FlightManager21requestArmStateChangeENS_8ArmStateE
                0x000000000800225c       0x24 obj/flightmanager.o
                0x000000000800225c                FlightManager::requestArmStateChange(FlightManager::ArmState)
 .text._ZN13FlightManager19requestHomeWaypointEv
                0x0000000008002280       0x1c obj/flightmanager.o
                0x0000000008002280                FlightManager::requestHomeWaypoint()
 .text._ZN13FlightManager14onFlyButtonEvtEP6ButtonNS0_5EventE
                0x000000000800229c       0x64 obj/flightmanager.o
                0x000000000800229c                FlightManager::onFlyButtonEvt(Button*, Button::Event)
 .text._ZN13FlightManager14onRtlButtonEvtEP6ButtonNS0_5EventE
                0x0000000008002300       0x80 obj/flightmanager.o
                0x0000000008002300                FlightManager::onRtlButtonEvt(Button*, Button::Event)
 .text._ZN13FlightManager16onPowerButtonEvtEP6ButtonNS0_5EventE
                0x0000000008002380        0x2 obj/flightmanager.o
                0x0000000008002380                FlightManager::onPowerButtonEvt(Button*, Button::Event)
 *fill*         0x0000000008002382        0x2 
 .text._ZNK13FlightManager25btnEventShouldForceDisarmEP6ButtonNS0_5EventE
                0x0000000008002384       0x38 obj/flightmanager.o
                0x0000000008002384                FlightManager::btnEventShouldForceDisarm(Button*, Button::Event) const
 .text._ZN13FlightManager11forceDisarmEv
                0x00000000080023bc       0x12 obj/flightmanager.o
                0x00000000080023bc                FlightManager::forceDisarm()
 *fill*         0x00000000080023ce        0x2 
 .text._ZN13FlightManager12onAButtonEvtEP6ButtonNS0_5EventE
                0x00000000080023d0       0x38 obj/flightmanager.o
                0x00000000080023d0                FlightManager::onAButtonEvt(Button*, Button::Event)
 .text._ZN13FlightManager12onBButtonEvtEP6ButtonNS0_5EventE
                0x0000000008002408       0x16 obj/flightmanager.o
                0x0000000008002408                FlightManager::onBButtonEvt(Button*, Button::Event)
 *fill*         0x000000000800241e        0x2 
 .text._ZN13FlightManager16onPauseButtonEvtEP6ButtonNS0_5EventE
                0x0000000008002420       0x44 obj/flightmanager.o
                0x0000000008002420                FlightManager::onPauseButtonEvt(Button*, Button::Event)
 .text._ZN13FlightManager17onArmStateChangedENS_8ArmStateE
                0x0000000008002464       0x6c obj/flightmanager.o
                0x0000000008002464                FlightManager::onArmStateChanged(FlightManager::ArmState)
 .text._ZN13FlightManager21onSystemStatusChangedEh
                0x00000000080024d0       0x48 obj/flightmanager.o
                0x00000000080024d0                FlightManager::onSystemStatusChanged(unsigned char)
 .text._ZN13FlightManager19onFlightModeChangedENS_10FlightModeE
                0x0000000008002518       0x4c obj/flightmanager.o
                0x0000000008002518                FlightManager::onFlightModeChanged(FlightManager::FlightMode)
 .text._ZN13FlightManager25onGpsNumSatellitesChangedEh
                0x0000000008002564       0x48 obj/flightmanager.o
                0x0000000008002564                FlightManager::onGpsNumSatellitesChanged(unsigned char)
 .text._ZN13FlightManager17onAltitudeChangedEf
                0x00000000080025ac       0x48 obj/flightmanager.o
                0x00000000080025ac                FlightManager::onAltitudeChanged(float)
 .text._ZN13FlightManager22batteryPhaseTransitionEa
                0x00000000080025f4       0x40 obj/flightmanager.o
                0x00000000080025f4                FlightManager::batteryPhaseTransition(signed char)
 .text._ZN13FlightManager18updateBatteryAlertEN5Event2IDE
                0x0000000008002634       0x70 obj/flightmanager.o
                0x0000000008002634                FlightManager::updateBatteryAlert(Event::ID)
 .text._ZN13FlightManager18updateBatteryPhaseEa
                0x00000000080026a4       0x48 obj/flightmanager.o
                0x00000000080026a4                FlightManager::updateBatteryPhase(signed char)
 .text._ZN13FlightManager16onBatteryChangedEa
                0x00000000080026ec       0x58 obj/flightmanager.o
                0x00000000080026ec                FlightManager::onBatteryChanged(signed char)
 .text._ZN13FlightManager13onRssiChangedEa
                0x0000000008002744       0x5c obj/flightmanager.o
                0x0000000008002744                FlightManager::onRssiChanged(signed char)
 .text._ZN13FlightManager20onGpsPositionChangedERK7Coord2D
                0x00000000080027a0       0x48 obj/flightmanager.o
                0x00000000080027a0                FlightManager::onGpsPositionChanged(Coord2D const&)
 .text._ZNK13FlightManager16modeIsNotArmableEPKc
                0x00000000080027e8       0x18 obj/flightmanager.o
                0x00000000080027e8                FlightManager::modeIsNotArmable(char const*) const
 .text._ZN13FlightManager17processStatusTextEPKc
                0x0000000008002800      0x1fc obj/flightmanager.o
                0x0000000008002800                FlightManager::processStatusText(char const*)
 .text._ZN13FlightManager19onStatusTextChangedEv
                0x00000000080029fc       0x28 obj/flightmanager.o
                0x00000000080029fc                FlightManager::onStatusTextChanged()
 .text._ZN13FlightManager22onArmableStatusChangedEl
                0x0000000008002a24       0x20 obj/flightmanager.o
                0x0000000008002a24                FlightManager::onArmableStatusChanged(long)
 .text._ZN13FlightManager12onEkfChangedEt
                0x0000000008002a44      0x10c obj/flightmanager.o
                0x0000000008002a44                FlightManager::onEkfChanged(unsigned short)
 .text._ZN13FlightManager7sendCmdEP17__mavlink_message
                0x0000000008002b50       0xd0 obj/flightmanager.o
                0x0000000008002b50                FlightManager::sendCmd(__mavlink_message*)
 .text._ZN13FlightManager13producePacketER12PacketBufferILj263EE
                0x0000000008002c20       0x2e obj/flightmanager.o
                0x0000000008002c20                FlightManager::producePacket(PacketBuffer<263u>&)
 *fill*         0x0000000008002c4e        0x2 
 .text._ZN13FlightManager15onFlightModeAckEPK23__mavlink_command_ack_t
                0x0000000008002c50       0x30 obj/flightmanager.o
                0x0000000008002c50                FlightManager::onFlightModeAck(__mavlink_command_ack_t const*)
 .text._ZN13FlightManager15cmdAcknowledgedEPK23__mavlink_command_ack_t
                0x0000000008002c80       0x3c obj/flightmanager.o
                0x0000000008002c80                FlightManager::cmdAcknowledged(__mavlink_command_ack_t const*)
 *fill*         0x0000000008002cbc        0x4 
 .text._ZN13FlightManager16onSoloMavlinkMsgEPK17__mavlink_message
                0x0000000008002cc0      0x378 obj/flightmanager.o
                0x0000000008002cc0                FlightManager::onSoloMavlinkMsg(__mavlink_message const*)
 .text._ZN13FlightManager19onPixhawkMavlinkMsgEPK17__mavlink_message
                0x0000000008003038       0x16 obj/flightmanager.o
                0x0000000008003038                FlightManager::onPixhawkMavlinkMsg(__mavlink_message const*)
 *fill*         0x000000000800304e        0x2 
 .text.startup._GLOBAL__sub_I__ZN13FlightManager13batteryStatesE
                0x0000000008003050        0xc obj/flightmanager.o
 .text._ZN4Fsmc11initNorSramEP7GPIOPinjS1_jRKNS_6ConfigE
                0x000000000800305c       0x7c obj/fsmc.o
                0x000000000800305c                Fsmc::initNorSram(GPIOPin*, unsigned int, GPIOPin*, unsigned int, Fsmc::Config const&)
 .text._ZN3geo12arcInRadiansERK7Coord2DS2_
                0x00000000080030d8       0xd8 obj/geo.o
                0x00000000080030d8                geo::arcInRadians(Coord2D const&, Coord2D const&)
 .text._ZN3geo16distanceInMetersERK7Coord2DS2_
                0x00000000080031b0       0x20 obj/geo.o
                0x00000000080031b0                geo::distanceInMeters(Coord2D const&, Coord2D const&)
 .text._ZN3Gfx5COLOREhhh
                0x00000000080031d0       0x18 obj/gfx.o
                0x00000000080031d0                Gfx::COLOR(unsigned char, unsigned char, unsigned char)
 .text._ZN3Gfx17drawPixelAtCursorEt
                0x00000000080031e8       0x1c obj/gfx.o
                0x00000000080031e8                Gfx::drawPixelAtCursor(unsigned short)
 .text._ZN3Gfx18beginDrawingRegionERKNS_4RectE
                0x0000000008003204       0x18 obj/gfx.o
                0x0000000008003204                Gfx::beginDrawingRegion(Gfx::Rect const&)
 .text._ZN3Gfx8fillRectERKNS_4RectEt
                0x000000000800321c       0x28 obj/gfx.o
                0x000000000800321c                Gfx::fillRect(Gfx::Rect const&, unsigned short)
 .text._ZN3Gfx4initEv
                0x0000000008003244       0x24 obj/gfx.o
                0x0000000008003244                Gfx::init()
 .text._ZN3Gfx5clearEt
                0x0000000008003268       0x1c obj/gfx.o
                0x0000000008003268                Gfx::clear(unsigned short)
 .text._ZN3Gfx11stringWidthEPKcRKNS_9FontAssetE
                0x0000000008003284       0x2c obj/gfx.o
                0x0000000008003284                Gfx::stringWidth(char const*, Gfx::FontAsset const&)
 .text._ZN3Gfx11stringWidthEPKcS1_RKNS_9FontAssetE
                0x00000000080032b0       0x30 obj/gfx.o
                0x00000000080032b0                Gfx::stringWidth(char const*, char const*, Gfx::FontAsset const&)
 .text._ZN3Gfx18FontColorConverter4initEtt
                0x00000000080032e0       0x1a obj/gfx.o
                0x00000000080032e0                Gfx::FontColorConverter::init(unsigned short, unsigned short)
 .text._ZN3Gfx15drawBitmapBytesEssNS_11ImageFormatEPKNS_12ImagePaletteEPKhjjPtS6_
                0x00000000080032fa      0x49c obj/gfx.o
                0x00000000080032fa                Gfx::drawBitmapBytes(short, short, Gfx::ImageFormat, Gfx::ImagePalette const*, unsigned char const*, unsigned int, unsigned int, unsigned short*, unsigned short*)
 .text._ZN3Gfx9drawGlyphEcssRKNS_9FontAssetEPtS3_
                0x0000000008003796       0x36 obj/gfx.o
                0x0000000008003796                Gfx::drawGlyph(char, short, short, Gfx::FontAsset const&, unsigned short*, unsigned short*)
 .text._ZN3Gfx5writeEttPKcRKNS_9FontAssetEPtS5_
                0x00000000080037cc       0x56 obj/gfx.o
                0x00000000080037cc                Gfx::write(unsigned short, unsigned short, char const*, Gfx::FontAsset const&, unsigned short*, unsigned short*)
 .text._ZN3Gfx5writeEttPKcRKNS_9FontAssetE
                0x0000000008003822       0x10 obj/gfx.o
                0x0000000008003822                Gfx::write(unsigned short, unsigned short, char const*, Gfx::FontAsset const&)
 .text._ZN3Gfx5writeEttPKcS1_RKNS_9FontAssetEPtS5_
                0x0000000008003832       0x5a obj/gfx.o
                0x0000000008003832                Gfx::write(unsigned short, unsigned short, char const*, char const*, Gfx::FontAsset const&, unsigned short*, unsigned short*)
 .text._ZN3Gfx26writeCanvasCenterJustifiedEtPKcRKNS_9FontAssetEtPtS5_
                0x000000000800388c       0x7e obj/gfx.o
                0x000000000800388c                Gfx::writeCanvasCenterJustified(unsigned short, char const*, Gfx::FontAsset const&, unsigned short, unsigned short*, unsigned short*)
 .text._ZN3Gfx26writeCanvasCenterJustifiedEtPKcRKNS_9FontAssetE
                0x000000000800390a       0x12 obj/gfx.o
                0x000000000800390a                Gfx::writeCanvasCenterJustified(unsigned short, char const*, Gfx::FontAsset const&)
 .text._ZN3Gfx26writeCanvasCenterJustifiedEtPKcRKNS_9FontAssetEPtS5_
                0x000000000800391c       0x12 obj/gfx.o
                0x000000000800391c                Gfx::writeCanvasCenterJustified(unsigned short, char const*, Gfx::FontAsset const&, unsigned short*, unsigned short*)
 .text._ZN3Gfx26writeCanvasCenterJustifiedEtPKcRKNS_9FontAssetEt
                0x000000000800392e       0x10 obj/gfx.o
                0x000000000800392e                Gfx::writeCanvasCenterJustified(unsigned short, char const*, Gfx::FontAsset const&, unsigned short)
 .text._ZN3Gfx14writeMonospaceEttPKcRKNS_9FontAssetEcPtS5_
                0x000000000800393e       0x62 obj/gfx.o
                0x000000000800393e                Gfx::writeMonospace(unsigned short, unsigned short, char const*, Gfx::FontAsset const&, char, unsigned short*, unsigned short*)
 .text._ZN3Gfx15drawBitmapBytesEssNS_11ImageFormatEPKNS_12ImagePaletteEPKhjj
                0x00000000080039a0       0x1e obj/gfx.o
                0x00000000080039a0                Gfx::drawBitmapBytes(short, short, Gfx::ImageFormat, Gfx::ImagePalette const*, unsigned char const*, unsigned int, unsigned int)
 .text._ZN3Gfx9drawImageEssRKNS_10ImageAssetE
                0x00000000080039be       0x1c obj/gfx.o
                0x00000000080039be                Gfx::drawImage(short, short, Gfx::ImageAsset const&)
 .text._ZN3Gfx24drawImageCanvasHCenteredEsRKNS_10ImageAssetE
                0x00000000080039da       0x2a obj/gfx.o
                0x00000000080039da                Gfx::drawImageCanvasHCentered(short, Gfx::ImageAsset const&)
 .text._ZNK7GPIOPin10setControlENS_7ControlE
                0x0000000008003a04       0x32 obj/gpio.o
                0x0000000008003a04                GPIOPin::setControl(GPIOPin::Control) const
 *fill*         0x0000000008003a36        0x2 
 .text._ZNK7GPIOPin7irqInitEv
                0x0000000008003a38       0x38 obj/gpio.o
                0x0000000008003a38                GPIOPin::irqInit() const
 .text._ZN6Haptic4stopEv
                0x0000000008003a70       0x44 obj/haptic.o
                0x0000000008003a70                Haptic::stop()
 .text._ZN6Haptic4initEv
                0x0000000008003ab4       0x24 obj/haptic.o
                0x0000000008003ab4                Haptic::init()
 .text._ZN6Haptic7playingEv
                0x0000000008003ad8       0x34 obj/haptic.o
                0x0000000008003ad8                Haptic::playing()
 .text._ZN6Haptic9nextEntryEv
                0x0000000008003b0c       0x7c obj/haptic.o
                0x0000000008003b0c                Haptic::nextEntry()
 .text._ZN6Haptic12startPatternENS_7PatternE
                0x0000000008003b88       0x88 obj/haptic.o
                0x0000000008003b88                Haptic::startPattern(Haptic::Pattern)
 .text._ZN6Haptic4taskEv
                0x0000000008003c10       0x40 obj/haptic.o
                0x0000000008003c10                Haptic::task()
 .text._ZN4HomeC2Ev
                0x0000000008003c50       0x14 obj/home.o
                0x0000000008003c50                Home::Home()
                0x0000000008003c50                Home::Home()
 .text._ZN4Home6updateERK24__mavlink_mission_item_t
                0x0000000008003c64       0x86 obj/home.o
                0x0000000008003c64                Home::update(__mavlink_mission_item_t const&)
 *fill*         0x0000000008003cea        0x2 
 .text._ZN12HostProtocol12onUpdaterMsgEPKhj.part.3
                0x0000000008003cec       0x50 obj/hostprotocol.o
 .text._ZN12HostProtocol8enableTXEv
                0x0000000008003d3c       0x2c obj/hostprotocol.o
                0x0000000008003d3c                HostProtocol::enableTX()
 .text._ZN12HostProtocol9disableTXEv
                0x0000000008003d68       0x50 obj/hostprotocol.o
                0x0000000008003d68                HostProtocol::disableTX()
 .text._ZN12HostProtocol4initEv
                0x0000000008003db8       0x38 obj/hostprotocol.o
                0x0000000008003db8                HostProtocol::init()
 .text._ZN12HostProtocol3isrEv
                0x0000000008003df0       0x8c obj/hostprotocol.o
                0x0000000008003df0                HostProtocol::isr()
 .text.ISR_USART1
                0x0000000008003e7c        0xc obj/hostprotocol.o
                0x0000000008003e7c                ISR_USART1
 .text._ZN12PacketBufferILj263EE10appendSlipEh
                0x0000000008003e88       0x34 obj/hostprotocol.o
                0x0000000008003e88                PacketBuffer<263u>::appendSlip(unsigned char)
 .text._ZN12HostProtocol25produceHostProtocolPacketER12PacketBufferILj263EE
                0x0000000008003ebc       0xb4 obj/hostprotocol.o
                0x0000000008003ebc                HostProtocol::produceHostProtocolPacket(PacketBuffer<263u>&)
 .text._ZN12HostProtocol15dispatchProduceEv
                0x0000000008003f70       0x50 obj/hostprotocol.o
                0x0000000008003f70                HostProtocol::dispatchProduce()
 .text._ZN12HostProtocol13producePacketEv
                0x0000000008003fc0       0x36 obj/hostprotocol.o
                0x0000000008003fc0                HostProtocol::producePacket()
 *fill*         0x0000000008003ff6        0x2 
 .text._ZN12HostProtocol18requestTransactionEv
                0x0000000008003ff8       0x2c obj/hostprotocol.o
                0x0000000008003ff8                HostProtocol::requestTransaction()
 .text._ZN12HostProtocol13processPacketERK12PacketBufferILj263EE
                0x0000000008004024      0x2e4 obj/hostprotocol.o
                0x0000000008004024                HostProtocol::processPacket(PacketBuffer<263u> const&)
 .text._ZN12HostProtocol4taskEv
                0x0000000008004308       0xcc obj/hostprotocol.o
                0x0000000008004308                HostProtocol::task()
 .text._ZN12HostProtocol12onTxCompleteEv
                0x00000000080043d4        0xc obj/hostprotocol.o
                0x00000000080043d4                HostProtocol::onTxComplete()
 .text.startup._GLOBAL__sub_I__ZN12HostProtocol8instanceE
                0x00000000080043e0       0x4c obj/hostprotocol.o
 .text._ZNK7HwTimer4initEtt
                0x000000000800442c       0x80 obj/hwtimer.o
                0x000000000800442c                HwTimer::init(unsigned short, unsigned short) const
 .text._ZNK7HwTimer24configureChannelAsOutputEiNS_8PolarityENS_9TimerModeENS_10OutputModeENS_7DmaModeE
                0x00000000080044ac       0x70 obj/hwtimer.o
                0x00000000080044ac                HwTimer::configureChannelAsOutput(int, HwTimer::Polarity, HwTimer::TimerMode, HwTimer::OutputMode, HwTimer::DmaMode) const
 .text._ZNK6Button11isHeldShortEv.part.0
                0x000000000800451c       0x2a obj/idletimeout.o
 *fill*         0x0000000008004546        0x2 
 .text._ZN11IdleTimeout13onButtonEventEP6ButtonNS0_5EventE
                0x0000000008004548       0x80 obj/idletimeout.o
                0x0000000008004548                IdleTimeout::onButtonEvent(Button*, Button::Event)
 .text._ZN11IdleTimeout7enabledEv
                0x00000000080045c8       0x4c obj/idletimeout.o
                0x00000000080045c8                IdleTimeout::enabled()
 .text._ZN11IdleTimeout5resetEv
                0x0000000008004614       0x24 obj/idletimeout.o
                0x0000000008004614                IdleTimeout::reset()
 .text._ZN11IdleTimeout4tickEv
                0x0000000008004638       0x7c obj/idletimeout.o
                0x0000000008004638                IdleTimeout::tick()
 .text._ZL5delayj
                0x00000000080046b4       0x28 obj/ili9341parallel.o
 .text._ZN15ILI9341Parallel5resetEv
                0x00000000080046dc       0x34 obj/ili9341parallel.o
                0x00000000080046dc                ILI9341Parallel::reset()
 .text._ZN15ILI9341Parallel12setBacklightEj
                0x0000000008004710       0x18 obj/ili9341parallel.o
                0x0000000008004710                ILI9341Parallel::setBacklight(unsigned int)
 .text._ZN15ILI9341Parallel15enableBacklightEv
                0x0000000008004728       0x40 obj/ili9341parallel.o
                0x0000000008004728                ILI9341Parallel::enableBacklight()
 .text._ZN15ILI9341Parallel16disableBacklightEv
                0x0000000008004768       0x4c obj/ili9341parallel.o
                0x0000000008004768                ILI9341Parallel::disableBacklight()
 .text._ZN15ILI9341Parallel16tearingEffectIsrEv
                0x00000000080047b4       0x54 obj/ili9341parallel.o
                0x00000000080047b4                ILI9341Parallel::tearingEffectIsr()
 .text._ZN15ILI9341Parallel16sendCommandTableEPKh
                0x0000000008004808       0x26 obj/ili9341parallel.o
                0x0000000008004808                ILI9341Parallel::sendCommandTable(unsigned char const*)
 *fill*         0x000000000800482e        0x2 
 .text._ZN15ILI9341Parallel4initEv
                0x0000000008004830      0x13c obj/ili9341parallel.o
                0x0000000008004830                ILI9341Parallel::init()
 .text._ZN15ILI9341Parallel7setRectERKN3Gfx4RectE
                0x000000000800496c       0x42 obj/ili9341parallel.o
                0x000000000800496c                ILI9341Parallel::setRect(Gfx::Rect const&)
 .text._ZN15ILI9341Parallel4fillEtj
                0x00000000080049ae       0x14 obj/ili9341parallel.o
                0x00000000080049ae                ILI9341Parallel::fill(unsigned short, unsigned int)
 *fill*         0x00000000080049c2        0x2 
 .text.startup._GLOBAL__sub_I__ZN15ILI9341Parallel3lcdE
                0x00000000080049c4       0x10 obj/ili9341parallel.o
 .text._ZN6Inputs18InvalidStickValues5resetEv
                0x00000000080049d4       0x14 obj/inputs.o
                0x00000000080049d4                Inputs::InvalidStickValues::reset()
 .text._ZN6Inputs13mappedStickIDEj
                0x00000000080049e8       0x20 obj/inputs.o
                0x00000000080049e8                Inputs::mappedStickID(unsigned int)
 .text._ZN6Inputs15loadStickParamsEv
                0x0000000008004a08       0x38 obj/inputs.o
                0x0000000008004a08                Inputs::loadStickParams()
 .text._ZN6Inputs7initADCEv
                0x0000000008004a40       0xc4 obj/inputs.o
                0x0000000008004a40                Inputs::initADC()
 .text._ZN6Inputs21adcConversionCompleteEv
                0x0000000008004b04       0x90 obj/inputs.o
                0x0000000008004b04                Inputs::adcConversionComplete()
 .text._ZN6Inputs18InvalidStickValues5latchEN2Io5AdcIDEtttt
                0x0000000008004b94       0x2a obj/inputs.o
                0x0000000008004b94                Inputs::InvalidStickValues::latch(Io::AdcID, unsigned short, unsigned short, unsigned short, unsigned short)
 *fill*         0x0000000008004bbe        0x2 
 .text._ZN6Inputs20isCameraControlValidEv
                0x0000000008004bc0       0x14 obj/inputs.o
                0x0000000008004bc0                Inputs::isCameraControlValid()
 .text._ZN6Inputs20isFlightControlValidEv
                0x0000000008004bd4       0x14 obj/inputs.o
                0x0000000008004bd4                Inputs::isFlightControlValid()
 .text._ZN6Inputs21pendInvalidStickAlertEN2Io5AdcIDE
                0x0000000008004be8       0x90 obj/inputs.o
                0x0000000008004be8                Inputs::pendInvalidStickAlert(Io::AdcID)
 .text._ZN6Inputs19onInvalidStickInputEN2Io5AdcIDEtttt
                0x0000000008004c78       0x7c obj/inputs.o
                0x0000000008004c78                Inputs::onInvalidStickInput(Io::AdcID, unsigned short, unsigned short, unsigned short, unsigned short)
 .text._ZN6Inputs19initStickValidStateEv
                0x0000000008004cf4       0x18 obj/inputs.o
                0x0000000008004cf4                Inputs::initStickValidState()
 .text._ZN6Inputs4initEv
                0x0000000008004d0c       0x2c obj/inputs.o
                0x0000000008004d0c                Inputs::init()
 .text._ZN6Inputs22resetInvalidStickErrorEv
                0x0000000008004d38       0x14 obj/inputs.o
                0x0000000008004d38                Inputs::resetInvalidStickError()
 .text._ZN6Inputs20onCalibrationAppliedEv
                0x0000000008004d4c        0xe obj/inputs.o
                0x0000000008004d4c                Inputs::onCalibrationApplied()
 .text._ZN12PacketBufferILj263EE14appendItemSlipItEEvRKT_
                0x0000000008004d5a       0x16 obj/inputs.o
                0x0000000008004d5a                void PacketBuffer<263u>::appendItemSlip<unsigned short>(unsigned short const&)
 .text._ZN6Inputs18InvalidStickValues13producePacketER12PacketBufferILj263EE
                0x0000000008004d70       0x74 obj/inputs.o
                0x0000000008004d70                Inputs::InvalidStickValues::producePacket(PacketBuffer<263u>&)
 .text._ZN6Inputs13producePacketER12PacketBufferILj263EE
                0x0000000008004de4      0x13c obj/inputs.o
                0x0000000008004de4                Inputs::producePacket(PacketBuffer<263u>&)
 .text.startup._GLOBAL__sub_I__ZN6Inputs4Adc1E
                0x0000000008004f20       0x80 obj/inputs.o
 .text._ZN7Lockout14onHostProtoMsgEb
                0x0000000008004fa0       0x64 obj/lockout.o
                0x0000000008004fa0                Lockout::onHostProtoMsg(bool)
 .text.startup.main
                0x0000000008005004       0xdc obj/main.o
                0x0000000008005004                main
 .text._ZNK6Button10isHeldLongEv
                0x00000000080050e0       0x36 obj/manualoverride.o
                0x00000000080050e0                Button::isHeldLong() const
 *fill*         0x0000000008005116        0x2 
 .text._ZN14ManualOverride13onButtonEventEP6ButtonNS0_5EventE
                0x0000000008005118       0x54 obj/manualoverride.o
                0x0000000008005118                ManualOverride::onButtonEvent(Button*, Button::Event)
 .text._ZN5mathx12metersToFeetEf
                0x000000000800516c       0x10 obj/mathx.o
                0x000000000800516c                mathx::metersToFeet(float)
 .text.crc_accumulate
                0x000000000800517c       0x1c obj/mavlink.o
 .text._ZN7Mavlink13onMavlinkDataEPKhj
                0x0000000008005198      0x1dc obj/mavlink.o
                0x0000000008005198                Mavlink::onMavlinkData(unsigned char const*, unsigned int)
 .text._ZN7Mavlink12packetizeMsgER12PacketBufferILj263EEPK17__mavlink_message
                0x0000000008005374       0x8c obj/mavlink.o
                0x0000000008005374                Mavlink::packetizeMsg(PacketBuffer<263u>&, __mavlink_message const*)
 .text._ZN8McuFlash24waitForPreviousOperationEv
                0x0000000008005400       0x24 obj/mcuflash.o
                0x0000000008005400                McuFlash::waitForPreviousOperation()
 .text._ZN8McuFlash15programHalfWordEtm
                0x0000000008005424       0x16 obj/mcuflash.o
                0x0000000008005424                McuFlash::programHalfWord(unsigned short, unsigned long)
 *fill*         0x000000000800543a        0x2 
 .text._ZN8McuFlash9erasePageEm
                0x000000000800543c       0x3c obj/mcuflash.o
                0x000000000800543c                McuFlash::erasePage(unsigned long)
 .text._ZN15MovingAvgFilterC2Ev
                0x0000000008005478        0x6 obj/movingavgfilter.o
                0x0000000008005478                MovingAvgFilter::MovingAvgFilter()
                0x0000000008005478                MovingAvgFilter::MovingAvgFilter()
 .text._ZN15MovingAvgFilter6updateElt
                0x000000000800547e       0x4c obj/movingavgfilter.o
                0x000000000800547e                MovingAvgFilter::update(long, unsigned short)
 *fill*         0x00000000080054ca        0x2 
 .text._ZN6Params4loadEv
                0x00000000080054cc        0xc obj/params.o
                0x00000000080054cc                Params::load()
 .text._ZN6Params4saveEv
                0x00000000080054d8       0x80 obj/params.o
                0x00000000080054d8                Params::save()
 .text._ZN6Params12periodicWorkEv
                0x0000000008005558       0x54 obj/params.o
                0x0000000008005558                Params::periodicWork()
 .text._ZN6Params13isInitializedEPKvj
                0x00000000080055ac       0x22 obj/params.o
                0x00000000080055ac                Params::isInitialized(void const*, unsigned int)
 *fill*         0x00000000080055ce        0x2 
 .text._ZN12PowerManager4initEv
                0x00000000080055d0       0x48 obj/powermanager.o
                0x00000000080055d0                PowerManager::init()
 .text._ZN12PowerManager17enterRunningStateEv
                0x0000000008005618       0x6c obj/powermanager.o
                0x0000000008005618                PowerManager::enterRunningState()
 *fill*         0x0000000008005684        0x4 
 .text._ZN12PowerManager11canShutDownEv
                0x0000000008005688       0x4c obj/powermanager.o
                0x0000000008005688                PowerManager::canShutDown()
 .text._ZN12PowerManager11onButtonEvtEP6ButtonNS0_5EventE
                0x00000000080056d4       0x74 obj/powermanager.o
                0x00000000080056d4                PowerManager::onButtonEvt(Button*, Button::Event)
 .text._ZN12PowerManager13producePacketER12PacketBufferILj263EE
                0x0000000008005748       0x34 obj/powermanager.o
                0x0000000008005748                PowerManager::producePacket(PacketBuffer<263u>&)
 .text._ZN12PowerManager26onShutdownSequenceCompleteEv
                0x000000000800577c       0x3c obj/powermanager.o
                0x000000000800577c                PowerManager::onShutdownSequenceComplete()
 .text._ZN12PowerManager8shutdownEv
                0x00000000080057b8       0x8c obj/powermanager.o
                0x00000000080057b8                PowerManager::shutdown()
 .text._ZN12PowerManager18shutdownAfterDelayEj
                0x0000000008005844       0x24 obj/powermanager.o
                0x0000000008005844                PowerManager::shutdownAfterDelay(unsigned int)
 .text._ZN12PowerManager22waitForCompleteStartupEv
                0x0000000008005868      0x1cc obj/powermanager.o
                0x0000000008005868                PowerManager::waitForCompleteStartup()
 .text._ZN12PowerManager15updatePowerDownEv
                0x0000000008005a34       0x3c obj/powermanager.o
                0x0000000008005a34                PowerManager::updatePowerDown()
 .text._ZN12PowerManager14rcIsDischargedEv
                0x0000000008005a70       0x64 obj/powermanager.o
                0x0000000008005a70                PowerManager::rcIsDischarged()
 .text._ZN3Pwr21enableVoltageDetectorEh
                0x0000000008005ad4       0x1c obj/pwr.o
                0x0000000008005ad4                Pwr::enableVoltageDetector(unsigned char)
 .text._ZN3Pwr28voltageDetectorIsBelowThreshEv
                0x0000000008005af0       0x10 obj/pwr.o
                0x0000000008005af0                Pwr::voltageDetectorIsBelowThresh()
 .text._ZN3Rcc23latchAndClearResetFlagsEv
                0x0000000008005b00       0x1c obj/rcc.o
                0x0000000008005b00                Rcc::latchAndClearResetFlags()
 .text._ZN8SelfTest13producePacketER12PacketBufferILj263EE
                0x0000000008005b1c       0x68 obj/selftest.o
                0x0000000008005b1c                SelfTest::producePacket(PacketBuffer<263u>&)
 *fill*         0x0000000008005b84        0x4 
 .text._ZN8SelfTest26checkAdjacentPinsForShortsEP7GPIOPinj
                0x0000000008005b88       0xc0 obj/selftest.o
                0x0000000008005b88                SelfTest::checkAdjacentPinsForShorts(GPIOPin*, unsigned int)
 .text._ZN8SelfTest14checkForShortsEv
                0x0000000008005c48       0xf4 obj/selftest.o
                0x0000000008005c48                SelfTest::checkForShorts()
 .text._start   0x0000000008005d3c       0xd0 obj/setup.o
                0x0000000008005d3c                _start
 .text._ZN10SoloGimbal9connectedEv
                0x0000000008005e0c       0x90 obj/sologimbal.o
                0x0000000008005e0c                SoloGimbal::connected()
 .text._ZN10SoloGimbal12disconnectedEv
                0x0000000008005e9c       0x98 obj/sologimbal.o
                0x0000000008005e9c                SoloGimbal::disconnected()
 .text._ZN10SoloGimbal12sysHeartbeatEv
                0x0000000008005f34       0x14 obj/sologimbal.o
                0x0000000008005f34                SoloGimbal::sysHeartbeat()
 .text._ZN10SoloGimbal14resetConnCountEv
                0x0000000008005f48       0x14 obj/sologimbal.o
                0x0000000008005f48                SoloGimbal::resetConnCount()
 .text._ZN10SoloGimbal12onMavlinkMsgEPK17__mavlink_message
                0x0000000008005f5c        0x4 obj/sologimbal.o
                0x0000000008005f5c                SoloGimbal::onMavlinkMsg(__mavlink_message const*)
 .text._ZN10SoloGimbal13onMountStatusERK24__mavlink_mount_status_t
                0x0000000008005f60       0x7c obj/sologimbal.o
                0x0000000008005f60                SoloGimbal::onMountStatus(__mavlink_mount_status_t const&)
 .text.startup._GLOBAL__sub_I__ZN10SoloGimbal8instanceE
                0x0000000008005fdc       0x14 obj/sologimbal.o
 .text._ZN9StickAxisC2EN2Io5AdcIDENS_9DirectionEt
                0x0000000008005ff0       0x24 obj/stickaxis.o
                0x0000000008005ff0                StickAxis::StickAxis(Io::AdcID, StickAxis::Direction, unsigned short)
                0x0000000008005ff0                StickAxis::StickAxis(Io::AdcID, StickAxis::Direction, unsigned short)
 .text._ZN9StickAxis14setCalibrationERKN6Params16StickCalibrationE
                0x0000000008006014       0x26 obj/stickaxis.o
                0x0000000008006014                StickAxis::setCalibration(Params::StickCalibration const&)
 *fill*         0x000000000800603a        0x2 
 .text._ZNK9StickAxis11defaultExpoEv
                0x000000000800603c       0x18 obj/stickaxis.o
                0x000000000800603c                StickAxis::defaultExpo() const
 *fill*         0x0000000008006054        0x4 
 .text._ZN9StickAxis11setExponentEh
                0x0000000008006058       0x44 obj/stickaxis.o
                0x0000000008006058                StickAxis::setExponent(unsigned char)
 .text._ZN9StickAxis9setConfigERKN6Params11StickConfigE
                0x000000000800609c       0x2c obj/stickaxis.o
                0x000000000800609c                StickAxis::setConfig(Params::StickConfig const&)
 .text._ZN9StickAxis4initERKN6Params16StickCalibrationERKNS0_11StickConfigE
                0x00000000080060c8       0x18 obj/stickaxis.o
                0x00000000080060c8                StickAxis::init(Params::StickCalibration const&, Params::StickConfig const&)
 .text._ZNK9StickAxis17valueIsAcceptableEt
                0x00000000080060e0       0x3e obj/stickaxis.o
                0x00000000080060e0                StickAxis::valueIsAcceptable(unsigned short) const
 .text._ZN9StickAxis6updateEt
                0x000000000800611e       0x46 obj/stickaxis.o
                0x000000000800611e                StickAxis::update(unsigned short)
 .text._ZNK9StickAxis12angularValueEv
                0x0000000008006164       0xa8 obj/stickaxis.o
                0x0000000008006164                StickAxis::angularValue() const
 .text._ZNK9StickAxis11linearValueEv
                0x000000000800620c       0x54 obj/stickaxis.o
                0x000000000800620c                StickAxis::linearValue() const
 .text._ZNK9StickAxis15hasInvalidInputEv
                0x0000000008006260       0x14 obj/stickaxis.o
                0x0000000008006260                StickAxis::hasInvalidInput() const
 .text._ZL14emptyHeartbeatv
                0x0000000008006274        0x2 obj/systime.o
 *fill*         0x0000000008006276        0x2 
 .text._ZN7SysTime4initEPFvvE
                0x0000000008006278       0x44 obj/systime.o
                0x0000000008006278                SysTime::init(void (*)())
 *fill*         0x00000000080062bc        0x4 
 .text.ISR_SysTick
                0x00000000080062c0       0x38 obj/systime.o
                0x00000000080062c0                ISR_SysTick
 .text._ZN7SysTime3nowEv
                0x00000000080062f8       0x70 obj/systime.o
                0x00000000080062f8                SysTime::now()
 .text._ZN5Tasks9heartbeatEv
                0x0000000008006368       0x20 obj/tasks.o
                0x0000000008006368                Tasks::heartbeat()
 .text._ZN5Tasks4workEv
                0x0000000008006388      0x110 obj/tasks.o
                0x0000000008006388                Tasks::work()
 .text._ZN9Telemetry10isEkfGpsOkEt
                0x0000000008006498       0x30 obj/telemetry.o
                0x0000000008006498                Telemetry::isEkfGpsOk(unsigned short)
 .text._ZN5Tween4initEfff
                0x00000000080064c8       0x14 obj/tween.o
                0x00000000080064c8                Tween::init(float, float, float)
 .text._ZNK5Tween13easeInOutQuadEf
                0x00000000080064dc       0x80 obj/tween.o
                0x00000000080064dc                Tween::easeInOutQuad(float) const
 .text._ZNK5Tween11easeOutCircEf
                0x000000000800655c       0x32 obj/tween.o
                0x000000000800655c                Tween::easeOutCirc(float) const
 .text._ZN2UiC2Ev
                0x000000000800658e       0x7a obj/ui.o
                0x000000000800658e                Ui::Ui()
                0x000000000800658e                Ui::Ui()
 .text._ZN2Ui4initEv
                0x0000000008006608        0x4 obj/ui.o
                0x0000000008006608                Ui::init()
 .text._ZN2Ui21setBacklightsForStateEN12PowerManager8SysStateE
                0x000000000800660c       0x38 obj/ui.o
                0x000000000800660c                Ui::setBacklightsForState(PowerManager::SysState)
 .text._ZN2Ui13canTransitionENS_5StateES0_
                0x0000000008006644       0x2e obj/ui.o
                0x0000000008006644                Ui::canTransition(Ui::State, Ui::State)
 .text._ZN2Ui16canProcessAlertsEv
                0x0000000008006672       0x14 obj/ui.o
                0x0000000008006672                Ui::canProcessAlerts()
 .text._ZN2Ui19initFullscreenAlertEN5Event2IDE
                0x0000000008006686       0x1c obj/ui.o
                0x0000000008006686                Ui::initFullscreenAlert(Event::ID)
 *fill*         0x00000000080066a2        0x2 
 .text._ZN2Ui12processAlertEN5Event2IDE
                0x00000000080066a4       0xe0 obj/ui.o
                0x00000000080066a4                Ui::processAlert(Event::ID)
 .text._ZN2Ui15writePrimaryMsgEPKcS1_RKN3Gfx9FontAssetEPtS6_j
                0x0000000008006784       0x54 obj/ui.o
                0x0000000008006784                Ui::writePrimaryMsg(char const*, char const*, Gfx::FontAsset const&, unsigned short*, unsigned short*, unsigned int)
 .text._ZN2Ui23writeFlyBtnInstructionsEPKcS1_j
                0x00000000080067d8       0x9c obj/ui.o
                0x00000000080067d8                Ui::writeFlyBtnInstructions(char const*, char const*, unsigned int)
 .text._ZN2Ui27writeKillSwitchInstructionsEPKcS1_j
                0x0000000008006874       0xc8 obj/ui.o
                0x0000000008006874                Ui::writeKillSwitchInstructions(char const*, char const*, unsigned int)
 .text._ZN2Ui18drawWaitingForSoloEv
                0x000000000800693c       0x54 obj/ui.o
                0x000000000800693c                Ui::drawWaitingForSolo()
 .text._ZN2Ui11drawLockoutEv
                0x0000000008006990       0x88 obj/ui.o
                0x0000000008006990                Ui::drawLockout()
 .text._ZN2Ui14determineStateEv
                0x0000000008006a18       0x64 obj/ui.o
                0x0000000008006a18                Ui::determineState()
 .text._ZN2Ui12processEventEN5Event2IDE
                0x0000000008006a7c      0x108 obj/ui.o
                0x0000000008006a7c                Ui::processEvent(Event::ID)
 .text._ZN2Ui13processEventsEv
                0x0000000008006b84       0x3c obj/ui.o
                0x0000000008006b84                Ui::processEvents()
 .text._ZN2Ui6updateEv
                0x0000000008006bc0      0x210 obj/ui.o
                0x0000000008006bc0                Ui::update()
 .text.startup._GLOBAL__sub_I__ZN2Ui8instanceE
                0x0000000008006dd0        0xc obj/ui.o
 .text._ZN14UiAlertManagerC2Ev
                0x0000000008006ddc        0x8 obj/ui_alert.o
                0x0000000008006ddc                UiAlertManager::UiAlertManager()
                0x0000000008006ddc                UiAlertManager::UiAlertManager()
 .text._ZNK14UiAlertManager21periodicHapticEnabledEv
                0x0000000008006de4       0x30 obj/ui_alert.o
                0x0000000008006de4                UiAlertManager::periodicHapticEnabled() const
 .text._ZN14UiAlertManager12sysHeartbeatEv
                0x0000000008006e14       0x20 obj/ui_alert.o
                0x0000000008006e14                UiAlertManager::sysHeartbeat()
 .text._ZNK14UiAlertManager5Alert11startHapticEv
                0x0000000008006e34       0x3a obj/ui_alert.o
                0x0000000008006e34                UiAlertManager::Alert::startHaptic() const
 .text._ZNK14UiAlertManager5Alert17buttonWillDismissEPK6ButtonNS1_5EventE
                0x0000000008006e6e       0x22 obj/ui_alert.o
                0x0000000008006e6e                UiAlertManager::Alert::buttonWillDismiss(Button const*, Button::Event) const
 .text._ZNK14UiAlertManager5Alert18shouldConsumeEventEPK6ButtonNS1_5EventE
                0x0000000008006e90       0x14 obj/ui_alert.o
                0x0000000008006e90                UiAlertManager::Alert::shouldConsumeEvent(Button const*, Button::Event) const
 .text._ZN14UiAlertManager7dismissEv
                0x0000000008006ea4       0x24 obj/ui_alert.o
                0x0000000008006ea4                UiAlertManager::dismiss()
 .text._ZNK14UiAlertManager5Alert13severityColorEv
                0x0000000008006ec8       0x30 obj/ui_alert.o
                0x0000000008006ec8                UiAlertManager::Alert::severityColor() const
 .text._ZNK14UiAlertManager12currentAlertEv
                0x0000000008006ef8       0x14 obj/ui_alert.o
                0x0000000008006ef8                UiAlertManager::currentAlert() const
 .text._ZNK14UiAlertManager8getAlertEN5Event2IDE
                0x0000000008006f0c       0x10 obj/ui_alert.o
                0x0000000008006f0c                UiAlertManager::getAlert(Event::ID) const
 .text._ZNK14UiAlertManager17alertIsDefinedForEN5Event2IDE
                0x0000000008006f1c       0x1a obj/ui_alert.o
                0x0000000008006f1c                UiAlertManager::alertIsDefinedFor(Event::ID) const
 .text._ZNK14UiAlertManager8hasAlertEv
                0x0000000008006f36        0x6 obj/ui_alert.o
                0x0000000008006f36                UiAlertManager::hasAlert() const
 .text._ZN14UiAlertManager13onButtonEventEP6ButtonNS0_5EventE
                0x0000000008006f3c       0x44 obj/ui_alert.o
                0x0000000008006f3c                UiAlertManager::onButtonEvent(Button*, Button::Event)
 .text._ZNK14UiAlertManager22canReplaceCurrentAlertEN5Event2IDE
                0x0000000008006f80       0x4c obj/ui_alert.o
                0x0000000008006f80                UiAlertManager::canReplaceCurrentAlert(Event::ID) const
 .text._ZN14UiAlertManager4initEN5Event2IDE
                0x0000000008006fcc       0x6c obj/ui_alert.o
                0x0000000008006fcc                UiAlertManager::init(Event::ID)
 .text._ZN14UiAlertManager23currentAlertNeedsBannerEv
                0x0000000008007038       0x28 obj/ui_alert.o
                0x0000000008007038                UiAlertManager::currentAlertNeedsBanner()
 .text._ZN14UiAlertManager25currentAlertVehiclePreArmEv
                0x0000000008007060       0x22 obj/ui_alert.o
                0x0000000008007060                UiAlertManager::currentAlertVehiclePreArm()
 *fill*         0x0000000008007082        0x2 
 .text._ZN14UiAlertManager20currentAlertRecoveryEv
                0x0000000008007084       0x24 obj/ui_alert.o
                0x0000000008007084                UiAlertManager::currentAlertRecovery()
 .text._ZN14UiAlertManager25dismissInvalidStickAlertsEv
                0x00000000080070a8        0xe obj/ui_alert.o
                0x00000000080070a8                UiAlertManager::dismissInvalidStickAlerts()
 *fill*         0x00000000080070b6        0x2 
 .text._ZNK13FlightManager19mustWaitForGpsToArmEv.part.6
                0x00000000080070b8       0x3c obj/ui_arming.o
 .text._ZN8UiArmingC2Ev
                0x00000000080070f4       0x30 obj/ui_arming.o
                0x00000000080070f4                UiArming::UiArming()
                0x00000000080070f4                UiArming::UiArming()
 .text._ZN8UiArming18writeWaitingForGpsEv
                0x0000000008007124       0x74 obj/ui_arming.o
                0x0000000008007124                UiArming::writeWaitingForGps()
 .text._ZN8UiArming17writeInstructionsEv
                0x0000000008007198       0x24 obj/ui_arming.o
                0x0000000008007198                UiArming::writeInstructions()
 .text._ZN8UiArming14onFlyButtonEvtEP6ButtonNS0_5EventE
                0x00000000080071bc       0x16 obj/ui_arming.o
                0x00000000080071bc                UiArming::onFlyButtonEvt(Button*, Button::Event)
 .text._ZN8UiArming11onArmFailedEv
                0x00000000080071d2        0x6 obj/ui_arming.o
                0x00000000080071d2                UiArming::onArmFailed()
 .text._ZN8UiArming15onTakeoffFailedEv
                0x00000000080071d8        0x6 obj/ui_arming.o
                0x00000000080071d8                UiArming::onTakeoffFailed()
 *fill*         0x00000000080071de        0x2 
 .text._ZN8UiArming18drawArmingProgressEv
                0x00000000080071e0       0xc4 obj/ui_arming.o
                0x00000000080071e0                UiArming::drawArmingProgress()
 .text._ZN8UiArming19clearArmingProgressEv
                0x00000000080072a4       0x1c obj/ui_arming.o
                0x00000000080072a4                UiArming::clearArmingProgress()
 .text._ZN8UiArming4initEv
                0x00000000080072c0       0x54 obj/ui_arming.o
                0x00000000080072c0                UiArming::init()
 *fill*         0x0000000008007314        0x4 
 .text._ZN8UiArming6updateEv
                0x0000000008007318      0x260 obj/ui_arming.o
                0x0000000008007318                UiArming::update()
 .text._ZN11UiBottomBox12dirtyDisplayEv.part.3
                0x0000000008007578       0x1c obj/ui_bottombox.o
 .text._ZN11UiBottomBoxC2Ev
                0x0000000008007594       0x24 obj/ui_bottombox.o
                0x0000000008007594                UiBottomBox::UiBottomBox()
                0x0000000008007594                UiBottomBox::UiBottomBox()
 .text._ZN11UiBottomBox7onEventEN5Event2IDE
                0x00000000080075b8        0xe obj/ui_bottombox.o
                0x00000000080075b8                UiBottomBox::onEvent(Event::ID)
 *fill*         0x00000000080075c6        0x2 
 .text._ZN11UiBottomBox5clearEt
                0x00000000080075c8       0x30 obj/ui_bottombox.o
                0x00000000080075c8                UiBottomBox::clear(unsigned short)
 .text._ZN11UiBottomBox7findMsgEN5Event2IDE
                0x00000000080075f8       0x20 obj/ui_bottombox.o
                0x00000000080075f8                UiBottomBox::findMsg(Event::ID)
 .text._ZN11UiBottomBox17updateAlertParamsEv
                0x0000000008007618       0x2a obj/ui_bottombox.o
                0x0000000008007618                UiBottomBox::updateAlertParams()
 *fill*         0x0000000008007642        0x2 
 .text._ZN11UiBottomBox17setDefaultDisplayEv
                0x0000000008007644       0x44 obj/ui_bottombox.o
                0x0000000008007644                UiBottomBox::setDefaultDisplay()
 .text._ZN11UiBottomBox12dirtyDisplayEv
                0x0000000008007688        0xe obj/ui_bottombox.o
                0x0000000008007688                UiBottomBox::dirtyDisplay()
 .text._ZN11UiBottomBox4initENS_12DisplayStateE
                0x0000000008007696       0x14 obj/ui_bottombox.o
                0x0000000008007696                UiBottomBox::init(UiBottomBox::DisplayState)
 .text._ZN11UiBottomBox22switchToDefaultDisplayEv
                0x00000000080076aa        0x8 obj/ui_bottombox.o
                0x00000000080076aa                UiBottomBox::switchToDefaultDisplay()
 *fill*         0x00000000080076b2        0x2 
 .text._ZN11UiBottomBox13drawBannerMsgEPKcS1_tRKN3Gfx9FontAssetE
                0x00000000080076b4       0xe0 obj/ui_bottombox.o
                0x00000000080076b4                UiBottomBox::drawBannerMsg(char const*, char const*, unsigned short, Gfx::FontAsset const&)
 .text._ZN11UiBottomBox13drawBannerMsgEPKcS1_N14UiAlertManager8SeverityE
                0x0000000008007794       0x44 obj/ui_bottombox.o
                0x0000000008007794                UiBottomBox::drawBannerMsg(char const*, char const*, UiAlertManager::Severity)
 .text._ZN11UiBottomBox12drawAlertMsgERKN14UiAlertManager5AlertERKNS_3MsgE
                0x00000000080077d8        0xe obj/ui_bottombox.o
                0x00000000080077d8                UiBottomBox::drawAlertMsg(UiAlertManager::Alert const&, UiBottomBox::Msg const&)
 *fill*         0x00000000080077e6        0x2 
 .text._ZN11UiBottomBox13drawBottomBoxEv
                0x00000000080077e8       0x38 obj/ui_bottombox.o
                0x00000000080077e8                UiBottomBox::drawBottomBox()
 .text._ZN11UiBottomBox19drawPersistentAlertEN5Event2IDE
                0x0000000008007820       0x28 obj/ui_bottombox.o
                0x0000000008007820                UiBottomBox::drawPersistentAlert(Event::ID)
 .text._ZN11UiBottomBox22drawGimbalNotConnectedEv
                0x0000000008007848       0x28 obj/ui_bottombox.o
                0x0000000008007848                UiBottomBox::drawGimbalNotConnected()
 .text._ZN11UiBottomBox20drawHintBoxAndCameraEv
                0x0000000008007870       0xa4 obj/ui_bottombox.o
                0x0000000008007870                UiBottomBox::drawHintBoxAndCamera()
 .text._ZN11UiBottomBox15btnImgForConfigEN2Io8ButtonIDERKN14ButtonFunction6ConfigE
                0x0000000008007914       0x2c obj/ui_bottombox.o
                0x0000000008007914                UiBottomBox::btnImgForConfig(Io::ButtonID, ButtonFunction::Config const&)
 .text._ZN11UiBottomBox18drawButtonFunctionEjjjjN2Io8ButtonIDE
                0x0000000008007940       0x58 obj/ui_bottombox.o
                0x0000000008007940                UiBottomBox::drawButtonFunction(unsigned int, unsigned int, unsigned int, unsigned int, Io::ButtonID)
 .text._ZN11UiBottomBox11drawButtonsEv
                0x0000000008007998       0x60 obj/ui_bottombox.o
                0x0000000008007998                UiBottomBox::drawButtons()
 .text._ZNK11UiBottomBox13alertCompleteEv
                0x00000000080079f8       0x48 obj/ui_bottombox.o
                0x00000000080079f8                UiBottomBox::alertComplete() const
 .text._ZN11UiBottomBox12drawFunctionENS_12DrawFunctionE
                0x0000000008007a40       0x90 obj/ui_bottombox.o
                0x0000000008007a40                UiBottomBox::drawFunction(UiBottomBox::DrawFunction)
 .text._ZN11UiBottomBox6updateEv
                0x0000000008007ad0       0x30 obj/ui_bottombox.o
                0x0000000008007ad0                UiBottomBox::update()
 .text._ZN5Event7isAlertENS_2IDE
                0x0000000008007b00        0xc obj/ui_events.o
                0x0000000008007b00                Event::isAlert(Event::ID)
 .text._ZN5Event7isValidEj
                0x0000000008007b0c       0x14 obj/ui_events.o
                0x0000000008007b0c                Event::isValid(unsigned int)
 .text._ZN17UiFullScreenModal14drawSingleIconERKN3Gfx10ImageAssetE.isra.1
                0x0000000008007b20        0xe obj/ui_fullscreenmodal.o
 .text._ZN17UiFullScreenModalC2Ev
                0x0000000008007b2e       0x14 obj/ui_fullscreenmodal.o
                0x0000000008007b2e                UiFullScreenModal::UiFullScreenModal()
                0x0000000008007b2e                UiFullScreenModal::UiFullScreenModal()
 .text._ZN17UiFullScreenModal7onEventEN5Event2IDE
                0x0000000008007b42        0xa obj/ui_fullscreenmodal.o
                0x0000000008007b42                UiFullScreenModal::onEvent(Event::ID)
 .text._ZN17UiFullScreenModal9drawIconsEN5Event2IDE
                0x0000000008007b4c      0x14c obj/ui_fullscreenmodal.o
                0x0000000008007b4c                UiFullScreenModal::drawIcons(Event::ID)
 .text._ZN17UiFullScreenModal13drawAlertTextERKN14UiAlertManager5AlertE
                0x0000000008007c98       0xe8 obj/ui_fullscreenmodal.o
                0x0000000008007c98                UiFullScreenModal::drawAlertText(UiAlertManager::Alert const&)
 .text._ZN17UiFullScreenModal4initEv
                0x0000000008007d80       0x5c obj/ui_fullscreenmodal.o
                0x0000000008007d80                UiFullScreenModal::init()
 .text._ZNK17UiFullScreenModal8completeEv
                0x0000000008007ddc       0x54 obj/ui_fullscreenmodal.o
                0x0000000008007ddc                UiFullScreenModal::complete() const
 .text._ZN8UiGimbalC2Ev
                0x0000000008007e30       0x1e obj/ui_gimbal.o
                0x0000000008007e30                UiGimbal::UiGimbal()
                0x0000000008007e30                UiGimbal::UiGimbal()
 *fill*         0x0000000008007e4e        0x2 
 .text._ZN8UiGimbal4initEv
                0x0000000008007e50       0xac obj/ui_gimbal.o
                0x0000000008007e50                UiGimbal::init()
 .text._ZN8UiGimbal20onVehicleConnChangedEv
                0x0000000008007efc        0x6 obj/ui_gimbal.o
                0x0000000008007efc                UiGimbal::onVehicleConnChanged()
 *fill*         0x0000000008007f02        0x2 
 .text._ZN8UiGimbal13onShotChangedEPKc
                0x0000000008007f04       0x1c obj/ui_gimbal.o
                0x0000000008007f04                UiGimbal::onShotChanged(char const*)
 .text._ZN8UiGimbal11presetSavedERKN3Gfx10ImageAssetE
                0x0000000008007f20       0xc8 obj/ui_gimbal.o
                0x0000000008007f20                UiGimbal::presetSaved(Gfx::ImageAsset const&)
 .text._ZN8UiGimbal12lineEndpointEfjjjRjS0_
                0x0000000008007fe8       0x94 obj/ui_gimbal.o
                0x0000000008007fe8                UiGimbal::lineEndpoint(float, unsigned int, unsigned int, unsigned int, unsigned int&, unsigned int&)
 .text._ZN8UiGimbal16clearAngleMarkerEjfRKN3Gfx10ImageAssetE
                0x000000000800807c       0x48 obj/ui_gimbal.o
                0x000000000800807c                UiGimbal::clearAngleMarker(unsigned int, float, Gfx::ImageAsset const&)
 .text._ZN8UiGimbal17redrawAngleMarkerEjfRKN3Gfx10ImageAssetE
                0x00000000080080c4       0x3a obj/ui_gimbal.o
                0x00000000080080c4                UiGimbal::redrawAngleMarker(unsigned int, float, Gfx::ImageAsset const&)
 *fill*         0x00000000080080fe        0x2 
 .text._ZN8UiGimbal15drawCameraAngleEiRKN3Gfx9FontAssetERKNS0_10ImageAssetE
                0x0000000008008100       0x7c obj/ui_gimbal.o
                0x0000000008008100                UiGimbal::drawCameraAngle(int, Gfx::FontAsset const&, Gfx::ImageAsset const&)
 .text._ZN8UiGimbal6updateEv
                0x000000000800817c      0x2e8 obj/ui_gimbal.o
                0x000000000800817c                UiGimbal::update()
 .text._ZN17UiHoldProgressBarC2Ejjt
                0x0000000008008464        0xa obj/ui_holdprogressbar.o
                0x0000000008008464                UiHoldProgressBar::UiHoldProgressBar(unsigned int, unsigned int, unsigned short)
                0x0000000008008464                UiHoldProgressBar::UiHoldProgressBar(unsigned int, unsigned int, unsigned short)
 *fill*         0x000000000800846e        0x2 
 .text._ZN17UiHoldProgressBar5clearEv
                0x0000000008008470       0x40 obj/ui_holdprogressbar.o
                0x0000000008008470                UiHoldProgressBar::clear()
 .text._ZN17UiHoldProgressBar6updateEjt
                0x00000000080084b0       0x74 obj/ui_holdprogressbar.o
                0x00000000080084b0                UiHoldProgressBar::update(unsigned int, unsigned short)
 .text._ZN17UiHoldProgressBar6updateEj
                0x0000000008008524        0x6 obj/ui_holdprogressbar.o
                0x0000000008008524                UiHoldProgressBar::update(unsigned int)
 *fill*         0x000000000800852a        0x2 
 .text.startup._GLOBAL__sub_I__ZN17UiHoldProgressBar6HeightE
                0x000000000800852c       0x14 obj/ui_holdprogressbar.o
 .text._ZN9UiPairingC2Ev
                0x0000000008008540       0x10 obj/ui_pairing.o
                0x0000000008008540                UiPairing::UiPairing()
                0x0000000008008540                UiPairing::UiPairing()
 .text._ZN9UiPairing11drawPairingEv
                0x0000000008008550       0xd4 obj/ui_pairing.o
                0x0000000008008550                UiPairing::drawPairing()
 .text._ZN9UiPairing4initEv
                0x0000000008008624       0x20 obj/ui_pairing.o
                0x0000000008008624                UiPairing::init()
 .text._ZN9UiPairing14drawInProgressEv
                0x0000000008008644       0x54 obj/ui_pairing.o
                0x0000000008008644                UiPairing::drawInProgress()
 .text._ZN9UiPairing11drawSuccessEv
                0x0000000008008698       0x54 obj/ui_pairing.o
                0x0000000008008698                UiPairing::drawSuccess()
 .text._ZN9UiPairing12drawCanceledEv
                0x00000000080086ec       0x54 obj/ui_pairing.o
                0x00000000080086ec                UiPairing::drawCanceled()
 .text._ZN9UiPairing14drawIncompleteEv
                0x0000000008008740       0x68 obj/ui_pairing.o
                0x0000000008008740                UiPairing::drawIncomplete()
 .text._ZN9UiPairing6updateEv
                0x00000000080087a8       0x78 obj/ui_pairing.o
                0x00000000080087a8                UiPairing::update()
 .text._ZN7UiPowerC2Ev
                0x0000000008008820        0x8 obj/ui_power.o
                0x0000000008008820                UiPower::UiPower()
                0x0000000008008820                UiPower::UiPower()
 .text._ZN7UiPower11drawSpinnerEv
                0x0000000008008828       0xbc obj/ui_power.o
                0x0000000008008828                UiPower::drawSpinner()
 *fill*         0x00000000080088e4        0x4 
 .text._ZN7UiPower14updateShutdownEv
                0x00000000080088e8       0x4c obj/ui_power.o
                0x00000000080088e8                UiPower::updateShutdown()
 .text._ZN7UiPower12initShutdownEv
                0x0000000008008934       0x3c obj/ui_power.o
                0x0000000008008934                UiPower::initShutdown()
 .text._ZN7UiPower11drawBatteryEv
                0x0000000008008970       0xb8 obj/ui_power.o
                0x0000000008008970                UiPower::drawBattery()
 .text._ZN7UiPower16drawBatteryCheckEv
                0x0000000008008a28       0x78 obj/ui_power.o
                0x0000000008008a28                UiPower::drawBatteryCheck()
 .text._ZN7UiPower20drawChargerConnectedEv
                0x0000000008008aa0       0x1c obj/ui_power.o
                0x0000000008008aa0                UiPower::drawChargerConnected()
 .text._ZN7UiPower24drawBatteryTooLowToStartEv
                0x0000000008008abc        0x4 obj/ui_power.o
                0x0000000008008abc                UiPower::drawBatteryTooLowToStart()
 .text._ZN8UiSplashC2Ev
                0x0000000008008ac0        0x6 obj/ui_splash.o
                0x0000000008008ac0                UiSplash::UiSplash()
                0x0000000008008ac0                UiSplash::UiSplash()
 *fill*         0x0000000008008ac6        0x2 
 .text._ZN8UiSplash4initEv
                0x0000000008008ac8       0x28 obj/ui_splash.o
                0x0000000008008ac8                UiSplash::init()
 .text._ZN8UiSplash11drawVersionEv
                0x0000000008008af0       0x48 obj/ui_splash.o
                0x0000000008008af0                UiSplash::drawVersion()
 .text._ZN8UiSplash6updateEv
                0x0000000008008b38       0x94 obj/ui_splash.o
                0x0000000008008b38                UiSplash::update()
 .text._ZNK6Button11isHeldShortEv.part.0
                0x0000000008008bcc       0x2a obj/ui_telemetry.o
 *fill*         0x0000000008008bf6        0x2 
 .text._ZN11UiTelemetryC2Ev
                0x0000000008008bf8       0x44 obj/ui_telemetry.o
                0x0000000008008bf8                UiTelemetry::UiTelemetry()
                0x0000000008008bf8                UiTelemetry::UiTelemetry()
 .text._ZN11UiTelemetry12markAllDirtyEv
                0x0000000008008c3c       0x18 obj/ui_telemetry.o
                0x0000000008008c3c                UiTelemetry::markAllDirty()
 .text._ZN11UiTelemetry18flightBattCriticalERK9Telemetry
                0x0000000008008c54       0x16 obj/ui_telemetry.o
                0x0000000008008c54                UiTelemetry::flightBattCritical(Telemetry const&)
 *fill*         0x0000000008008c6a        0x2 
 .text._ZN11UiTelemetry15flightBattLabelERK9Telemetry
                0x0000000008008c6c       0x1c obj/ui_telemetry.o
                0x0000000008008c6c                UiTelemetry::flightBattLabel(Telemetry const&)
 .text._ZN11UiTelemetry18updateLandProgressEv
                0x0000000008008c88       0xc8 obj/ui_telemetry.o
                0x0000000008008c88                UiTelemetry::updateLandProgress()
 .text._ZN11UiTelemetry24updateKillSwitchProgressEv
                0x0000000008008d50       0xcc obj/ui_telemetry.o
                0x0000000008008d50                UiTelemetry::updateKillSwitchProgress()
 .text._ZN11UiTelemetry18drawStaticElementsEv
                0x0000000008008e1c       0x24 obj/ui_telemetry.o
                0x0000000008008e1c                UiTelemetry::drawStaticElements()
 .text._ZNK11UiTelemetry14autoLandActiveEv
                0x0000000008008e40       0x34 obj/ui_telemetry.o
                0x0000000008008e40                UiTelemetry::autoLandActive() const
 .text._ZNK11UiTelemetry16killSwitchActiveEv
                0x0000000008008e74       0x90 obj/ui_telemetry.o
                0x0000000008008e74                UiTelemetry::killSwitchActive() const
 .text._ZN11UiTelemetry19labeledNumericFieldEjttjPKcRKN3Gfx10ImageAssetERKNS2_9FontAssetEPtS9_
                0x0000000008008f04       0x84 obj/ui_telemetry.o
                0x0000000008008f04                UiTelemetry::labeledNumericField(unsigned int, unsigned short, unsigned short, unsigned int, char const*, Gfx::ImageAsset const&, Gfx::FontAsset const&, unsigned short*, unsigned short*)
 .text._ZN11UiTelemetry19updatePrimaryRegionEv
                0x0000000008008f88      0x1e8 obj/ui_telemetry.o
                0x0000000008008f88                UiTelemetry::updatePrimaryRegion()
 .text._ZN11UiTelemetry6updateEv
                0x0000000008009170       0x20 obj/ui_telemetry.o
                0x0000000008009170                UiTelemetry::update()
 .text._ZN11UiTelemetry4initEv
                0x0000000008009190       0x30 obj/ui_telemetry.o
                0x0000000008009190                UiTelemetry::init()
 .text._ZN11UiTelemetry18updateBottomRegionEv
                0x00000000080091c0       0x54 obj/ui_telemetry.o
                0x00000000080091c0                UiTelemetry::updateBottomRegion()
 .text._ZN11UiTelemetry20onSoloAppConnChangedEb
                0x0000000008009214       0x70 obj/ui_telemetry.o
                0x0000000008009214                UiTelemetry::onSoloAppConnChanged(bool)
 .text._ZN11UiTelemetry8rssiBarsEa
                0x0000000008009284       0x34 obj/ui_telemetry.o
                0x0000000008009284                UiTelemetry::rssiBars(signed char)
 .text._ZN8UiTopBarC2Ev
                0x00000000080092b8       0x10 obj/ui_topbar.o
                0x00000000080092b8                UiTopBar::UiTopBar()
                0x00000000080092b8                UiTopBar::UiTopBar()
 .text._ZN8UiTopBar9markDirtyEv
                0x00000000080092c8       0x10 obj/ui_topbar.o
                0x00000000080092c8                UiTopBar::markDirty()
 .text._ZN8UiTopBar13onShotChangedEPKc
                0x00000000080092d8       0x60 obj/ui_topbar.o
                0x00000000080092d8                UiTopBar::onShotChanged(char const*)
 .text._ZN8UiTopBar20onVehicleConnChangedEv
                0x0000000008009338       0x60 obj/ui_topbar.o
                0x0000000008009338                UiTopBar::onVehicleConnChanged()
 .text._ZN8UiTopBar13drawBattFrameEv
                0x0000000008009398       0x74 obj/ui_topbar.o
                0x0000000008009398                UiTopBar::drawBattFrame()
 .text._ZN8UiTopBar4initEv
                0x000000000800940c        0xe obj/ui_topbar.o
                0x000000000800940c                UiTopBar::init()
 *fill*         0x000000000800941a        0x2 
 .text._ZN8UiTopBar12drawShotNameEv
                0x000000000800941c       0x44 obj/ui_topbar.o
                0x000000000800941c                UiTopBar::drawShotName()
 .text._ZN8UiTopBar6updateEv
                0x0000000008009460      0x22c obj/ui_topbar.o
                0x0000000008009460                UiTopBar::update()
 .text._ZN9UiUpdaterC2Ev
                0x000000000800968c        0x6 obj/ui_updater.o
                0x000000000800968c                UiUpdater::UiUpdater()
                0x000000000800968c                UiUpdater::UiUpdater()
 .text._ZN9UiUpdater6updateEv
                0x0000000008009692        0xa obj/ui_updater.o
                0x0000000008009692                UiUpdater::update()
 .text._ZN9UiUpdater13onButtonEventEP6ButtonNS0_5EventE
                0x000000000800969c       0x20 obj/ui_updater.o
                0x000000000800969c                UiUpdater::onButtonEvent(Button*, Button::Event)
 .text._ZN9UiUpdater14drawPrimaryMsgEjPKcS1_RKN3Gfx9FontAssetEt
                0x00000000080096bc       0x64 obj/ui_updater.o
                0x00000000080096bc                UiUpdater::drawPrimaryMsg(unsigned int, char const*, char const*, Gfx::FontAsset const&, unsigned short)
 .text._ZN9UiUpdater15drawUpdateBeginEv
                0x0000000008009720       0x54 obj/ui_updater.o
                0x0000000008009720                UiUpdater::drawUpdateBegin()
 .text._ZN9UiUpdater16promptToContinueEv
                0x0000000008009774       0x70 obj/ui_updater.o
                0x0000000008009774                UiUpdater::promptToContinue()
 .text._ZN9UiUpdater17drawUpdateSuccessEv
                0x00000000080097e4       0x5c obj/ui_updater.o
                0x00000000080097e4                UiUpdater::drawUpdateSuccess()
 .text._ZN9UiUpdater16drawUpdateFailedEv
                0x0000000008009840       0x5c obj/ui_updater.o
                0x0000000008009840                UiUpdater::drawUpdateFailed()
 .text._ZN9UiUpdater4initEN5Event2IDE
                0x000000000800989c       0x22 obj/ui_updater.o
                0x000000000800989c                UiUpdater::init(Event::ID)
 .text._ZN5Usart13dmaTXCallbackEPvh
                0x00000000080098be        0xe obj/usart.o
                0x00000000080098be                Usart::dmaTXCallback(void*, unsigned char)
 .text._ZN5Usart13dmaRXCallbackEPvh
                0x00000000080098cc        0xe obj/usart.o
                0x00000000080098cc                Usart::dmaRXCallback(void*, unsigned char)
 *fill*         0x00000000080098da        0x2 
 .text._ZN5Usart4initE7GPIOPinS0_ibNS_8StopBitsE
                0x00000000080098dc      0x174 obj/usart.o
                0x00000000080098dc                Usart::init(GPIOPin, GPIOPin, int, bool, Usart::StopBits)
 .text._ZN5Usart3isrERh
                0x0000000008009a50       0x12 obj/usart.o
                0x0000000008009a50                Usart::isr(unsigned char&)
 .text._ZN5Usart8writeDmaEPKhj
                0x0000000008009a62       0x24 obj/usart.o
                0x0000000008009a62                Usart::writeDma(unsigned char const*, unsigned int)
 .text.ISR_Default
                0x0000000008009a86        0x2 obj/vectors.o
                0x0000000008009a86                ISR_TIM1_CC
                0x0000000008009a86                ISR_I2C2_EV
                0x0000000008009a86                ISR_Tamper
                0x0000000008009a86                ISR_TIM5
                0x0000000008009a86                ISR_TIM4
                0x0000000008009a86                ISR_UsbWakeup
                0x0000000008009a86                ISR_PendSV
                0x0000000008009a86                ISR_Default
                0x0000000008009a86                ISR_TIM2
                0x0000000008009a86                ISR_FSMC
                0x0000000008009a86                ISR_TIM8_TRG_COM
                0x0000000008009a86                ISR_UART4
                0x0000000008009a86                ISR_ADC1_2
                0x0000000008009a86                ISR_TIM1_BRK
                0x0000000008009a86                ISR_TIM1_TRG_COM
                0x0000000008009a86                ISR_SPI3
                0x0000000008009a86                ISR_Flash
                0x0000000008009a86                ISR_TIM3
                0x0000000008009a86                ISR_TIM8_CC
                0x0000000008009a86                ISR_RTC
                0x0000000008009a86                ISR_TIM8_BRK
                0x0000000008009a86                ISR_TIM8_UP
                0x0000000008009a86                ISR_SPI1
                0x0000000008009a86                ISR_I2C2_ER
                0x0000000008009a86                ISR_WWDG
                0x0000000008009a86                ISR_TIM1_UP
                0x0000000008009a86                ISR_CAN_RX1
                0x0000000008009a86                ISR_USART2
                0x0000000008009a86                ISR_SDIO
                0x0000000008009a86                ISR_PVD
                0x0000000008009a86                ISR_ADC3
                0x0000000008009a86                ISR_USB_LP_CAN_RX0
                0x0000000008009a86                ISR_I2C1_EV
                0x0000000008009a86                ISR_TIM6
                0x0000000008009a86                ISR_UART5
                0x0000000008009a86                ISR_USART3
                0x0000000008009a86                ISR_USB_HP_CAN_TX
                0x0000000008009a86                ISR_RCC
                0x0000000008009a86                ISR_TIM7
                0x0000000008009a86                ISR_I2C1_ER
                0x0000000008009a86                ISR_SPI2
                0x0000000008009a86                ISR_CAN_SCE
                0x0000000008009a86                ISR_RTCAlarm
 .text.ISR_DefaultNMI
                0x0000000008009a88        0x2 obj/vectors.o
                0x0000000008009a88                ISR_NMI
                0x0000000008009a88                ISR_DefaultNMI
 .text.ISR_DefaultHardFault
                0x0000000008009a8a        0x2 obj/vectors.o
                0x0000000008009a8a                ISR_DefaultHardFault
                0x0000000008009a8a                ISR_HardFault
 .text.ISR_DefaultMemManage
                0x0000000008009a8c        0x2 obj/vectors.o
                0x0000000008009a8c                ISR_DefaultMemManage
                0x0000000008009a8c                ISR_MemManage
 .text.ISR_DefaultBusFault
                0x0000000008009a8e        0x2 obj/vectors.o
                0x0000000008009a8e                ISR_BusFault
                0x0000000008009a8e                ISR_DefaultBusFault
 .text.ISR_DefaultUsageFault
                0x0000000008009a90        0x2 obj/vectors.o
                0x0000000008009a90                ISR_DefaultUsageFault
                0x0000000008009a90                ISR_UsageFault
 .text.ISR_DefaultSVCall
                0x0000000008009a92        0x2 obj/vectors.o
                0x0000000008009a92                ISR_SVCall
                0x0000000008009a92                ISR_DefaultSVCall
 .text.ISR_DefaultDebug
                0x0000000008009a94        0x2 obj/vectors.o
                0x0000000008009a94                ISR_Debug
                0x0000000008009a94                ISR_DefaultDebug
 .text._ZNK6Button10isHeldLongEv.part.0
                0x0000000008009a96       0x2a obj/vehicleconnector.o
 .text._ZN16VehicleConnector13producePacketER12PacketBufferILj263EE
                0x0000000008009ac0       0x86 obj/vehicleconnector.o
                0x0000000008009ac0                VehicleConnector::producePacket(PacketBuffer<263u>&)
 *fill*         0x0000000008009b46        0x2 
 .text._ZN16VehicleConnector16onPairingRequestEPKhj
                0x0000000008009b48       0x60 obj/vehicleconnector.o
                0x0000000008009b48                VehicleConnector::onPairingRequest(unsigned char const*, unsigned int)
 .text._ZN16VehicleConnector15onPairingResultEPKhj
                0x0000000008009ba8       0xb8 obj/vehicleconnector.o
                0x0000000008009ba8                VehicleConnector::onPairingResult(unsigned char const*, unsigned int)
 .text._ZN16VehicleConnector13onButtonEventEP6ButtonNS0_5EventE
                0x0000000008009c60       0xac obj/vehicleconnector.o
                0x0000000008009c60                VehicleConnector::onButtonEvent(Button*, Button::Event)
 .text.startup._GLOBAL__sub_I__ZN16VehicleConnector8instanceE
                0x0000000008009d0c        0xc obj/vehicleconnector.o
 .text.memcmp   0x0000000008009d18       0x1e /usr/bin/../lib/gcc/arm-none-eabi/7.2.1/../../../../arm-none-eabi/lib/thumb/v7-m/libc_nano.a(lib_a-memcmp.o)
                0x0000000008009d18                memcmp